[    0.000000] Linux version 5.8.1anmol.0327 (ubuntu100@ubuntu) (gcc (Ubuntu 9.3.0-17ubuntu1~20.04) 9.3.0, GNU ld (GNU Binutils for Ubuntu) 2.34) #1 SMP Tue Feb 16 00:54:35 PST 2021
[    0.000000] Command line: BOOT_IMAGE=/boot/vmlinuz-5.8.1anmol.0327 root=UUID=0d54cc76-7cb2-4ddc-b65c-f65dedcbc618 ro find_preseed=/preseed.cfg auto noprompt priority=critical locale=en_US quiet
[    0.000000] KERNEL supported cpus:
[    0.000000]   Intel GenuineIntel
[    0.000000]   AMD AuthenticAMD
[    0.000000]   Hygon HygonGenuine
[    0.000000]   Centaur CentaurHauls
[    0.000000]   zhaoxin   Shanghai  
[    0.000000] Disabled fast string operations
[    0.000000] x86/fpu: Supporting XSAVE feature 0x001: 'x87 floating point registers'
[    0.000000] x86/fpu: Supporting XSAVE feature 0x002: 'SSE registers'
[    0.000000] x86/fpu: Supporting XSAVE feature 0x004: 'AVX registers'
[    0.000000] x86/fpu: xstate_offset[2]:  576, xstate_sizes[2]:  256
[    0.000000] x86/fpu: Enabled xstate features 0x7, context size is 832 bytes, using 'compacted' format.
[    0.000000] BIOS-provided physical RAM map:
[    0.000000] BIOS-e820: [mem 0x0000000000000000-0x000000000009e7ff] usable
[    0.000000] BIOS-e820: [mem 0x000000000009e800-0x000000000009ffff] reserved
[    0.000000] BIOS-e820: [mem 0x00000000000dc000-0x00000000000fffff] reserved
[    0.000000] BIOS-e820: [mem 0x0000000000100000-0x00000000bfecffff] usable
[    0.000000] BIOS-e820: [mem 0x00000000bfed0000-0x00000000bfefefff] ACPI data
[    0.000000] BIOS-e820: [mem 0x00000000bfeff000-0x00000000bfefffff] ACPI NVS
[    0.000000] BIOS-e820: [mem 0x00000000bff00000-0x00000000bfffffff] usable
[    0.000000] BIOS-e820: [mem 0x00000000f0000000-0x00000000f7ffffff] reserved
[    0.000000] BIOS-e820: [mem 0x00000000fec00000-0x00000000fec0ffff] reserved
[    0.000000] BIOS-e820: [mem 0x00000000fee00000-0x00000000fee00fff] reserved
[    0.000000] BIOS-e820: [mem 0x00000000fffe0000-0x00000000ffffffff] reserved
[    0.000000] BIOS-e820: [mem 0x0000000100000000-0x000000013fffffff] usable
[    0.000000] NX (Execute Disable) protection: active
[    0.000000] SMBIOS 2.7 present.
[    0.000000] DMI: VMware, Inc. VMware Virtual Platform/440BX Desktop Reference Platform, BIOS 6.00 07/22/2020
[    0.000000] vmware: hypercall mode: 0x02
[    0.000000] Hypervisor detected: VMware
[    0.000000] vmware: TSC freq read from hypervisor : 2592.009 MHz
[    0.000000] vmware: Host bus clock speed read from hypervisor : 66000000 Hz
[    0.000000] vmware: using clock offset of 196909924965 ns
[    0.000000] tsc: Detected 2592.009 MHz processor
[    0.004787] e820: update [mem 0x00000000-0x00000fff] usable ==> reserved
[    0.004789] e820: remove [mem 0x000a0000-0x000fffff] usable
[    0.004792] last_pfn = 0x140000 max_arch_pfn = 0x400000000
[    0.004820] MTRR default type: uncachable
[    0.004821] MTRR fixed ranges enabled:
[    0.004822]   00000-9FFFF write-back
[    0.004822]   A0000-BFFFF uncachable
[    0.004823]   C0000-CFFFF write-protect
[    0.004823]   D0000-EFFFF uncachable
[    0.004823]   F0000-FFFFF write-protect
[    0.004824] MTRR variable ranges enabled:
[    0.004824]   0 base 000000000000 mask 1FE000000000 write-back
[    0.004825]   1 base 0000C0000000 mask 1FFFC0000000 uncachable
[    0.004825]   2 disabled
[    0.004826]   3 disabled
[    0.004826]   4 disabled
[    0.004826]   5 disabled
[    0.004826]   6 disabled
[    0.004827]   7 disabled
[    0.004831] x86/PAT: Configuration [0-7]: WB  WC  UC- UC  WB  WP  UC- WT  
[    0.004838] total RAM covered: 130048M
[    0.005135] Found optimal setting for mtrr clean up
[    0.005135]  gran_size: 64K 	chunk_size: 64K 	num_reg: 7  	lose cover RAM: 0G
[    0.005159] e820: update [mem 0xc0000000-0xffffffff] usable ==> reserved
[    0.005161] last_pfn = 0xc0000 max_arch_pfn = 0x400000000
[    0.011075] found SMP MP-table at [mem 0x000f6a70-0x000f6a7f]
[    0.034312] check: Scanning 1 areas for low memory corruption
[    0.034342] Using GB pages for direct mapping
[    0.034482] RAMDISK: [mem 0x0f300000-0x37feefff]
[    0.034509] ACPI: Early table checksum verification disabled
[    0.034512] ACPI: RSDP 0x00000000000F6A00 000024 (v02 PTLTD )
[    0.034515] ACPI: XSDT 0x00000000BFEDC633 00005C (v01 INTEL  440BX    06040000 VMW  01324272)
[    0.034519] ACPI: FACP 0x00000000BFEFEE73 0000F4 (v04 INTEL  440BX    06040000 PTL  000F4240)
[    0.034523] ACPI: DSDT 0x00000000BFEDD9E8 02148B (v01 PTLTD  Custom   06040000 MSFT 03000001)
[    0.034539] ACPI: FACS 0x00000000BFEFFFC0 000040
[    0.034542] ACPI: FACS 0x00000000BFEFFFC0 000040
[    0.034544] ACPI: BOOT 0x00000000BFEDD9C0 000028 (v01 PTLTD  $SBFTBL$ 06040000  LTP 00000001)
[    0.034546] ACPI: APIC 0x00000000BFEDD27E 000742 (v01 PTLTD  ? APIC   06040000  LTP 00000000)
[    0.034549] ACPI: MCFG 0x00000000BFEDD242 00003C (v01 PTLTD  $PCITBL$ 06040000  LTP 00000001)
[    0.034551] ACPI: SRAT 0x00000000BFEDC72F 0008D0 (v02 VMWARE MEMPLUG  06040000 VMW  00000001)
[    0.034553] ACPI: HPET 0x00000000BFEDC6F7 000038 (v01 VMWARE VMW HPET 06040000 VMW  00000001)
[    0.034555] ACPI: WAET 0x00000000BFEDC6CF 000028 (v01 VMWARE VMW WAET 06040000 VMW  00000001)
[    0.034562] ACPI: Local APIC address 0xfee00000
[    0.034565] system APIC only can use physical flat
[    0.034565] Setting APIC routing to physical flat.
[    0.034638] SRAT: PXM 0 -> APIC 0x00 -> Node 0
[    0.034639] SRAT: PXM 0 -> APIC 0x02 -> Node 0
[    0.034639] SRAT: PXM 0 -> APIC 0x04 -> Node 0
[    0.034640] SRAT: PXM 0 -> APIC 0x06 -> Node 0
[    0.034640] SRAT: PXM 0 -> APIC 0x08 -> Node 0
[    0.034640] SRAT: PXM 0 -> APIC 0x0a -> Node 0
[    0.034640] SRAT: PXM 0 -> APIC 0x0c -> Node 0
[    0.034641] SRAT: PXM 0 -> APIC 0x0e -> Node 0
[    0.034641] SRAT: PXM 0 -> APIC 0x10 -> Node 0
[    0.034641] SRAT: PXM 0 -> APIC 0x12 -> Node 0
[    0.034642] SRAT: PXM 0 -> APIC 0x14 -> Node 0
[    0.034642] SRAT: PXM 0 -> APIC 0x16 -> Node 0
[    0.034642] SRAT: PXM 0 -> APIC 0x18 -> Node 0
[    0.034643] SRAT: PXM 0 -> APIC 0x1a -> Node 0
[    0.034643] SRAT: PXM 0 -> APIC 0x1c -> Node 0
[    0.034643] SRAT: PXM 0 -> APIC 0x1e -> Node 0
[    0.034643] SRAT: PXM 0 -> APIC 0x20 -> Node 0
[    0.034644] SRAT: PXM 0 -> APIC 0x22 -> Node 0
[    0.034644] SRAT: PXM 0 -> APIC 0x24 -> Node 0
[    0.034644] SRAT: PXM 0 -> APIC 0x26 -> Node 0
[    0.034645] SRAT: PXM 0 -> APIC 0x28 -> Node 0
[    0.034645] SRAT: PXM 0 -> APIC 0x2a -> Node 0
[    0.034645] SRAT: PXM 0 -> APIC 0x2c -> Node 0
[    0.034645] SRAT: PXM 0 -> APIC 0x2e -> Node 0
[    0.034646] SRAT: PXM 0 -> APIC 0x30 -> Node 0
[    0.034646] SRAT: PXM 0 -> APIC 0x32 -> Node 0
[    0.034646] SRAT: PXM 0 -> APIC 0x34 -> Node 0
[    0.034647] SRAT: PXM 0 -> APIC 0x36 -> Node 0
[    0.034647] SRAT: PXM 0 -> APIC 0x38 -> Node 0
[    0.034647] SRAT: PXM 0 -> APIC 0x3a -> Node 0
[    0.034647] SRAT: PXM 0 -> APIC 0x3c -> Node 0
[    0.034648] SRAT: PXM 0 -> APIC 0x3e -> Node 0
[    0.034648] SRAT: PXM 0 -> APIC 0x40 -> Node 0
[    0.034648] SRAT: PXM 0 -> APIC 0x42 -> Node 0
[    0.034648] SRAT: PXM 0 -> APIC 0x44 -> Node 0
[    0.034649] SRAT: PXM 0 -> APIC 0x46 -> Node 0
[    0.034649] SRAT: PXM 0 -> APIC 0x48 -> Node 0
[    0.034649] SRAT: PXM 0 -> APIC 0x4a -> Node 0
[    0.034650] SRAT: PXM 0 -> APIC 0x4c -> Node 0
[    0.034650] SRAT: PXM 0 -> APIC 0x4e -> Node 0
[    0.034650] SRAT: PXM 0 -> APIC 0x50 -> Node 0
[    0.034650] SRAT: PXM 0 -> APIC 0x52 -> Node 0
[    0.034651] SRAT: PXM 0 -> APIC 0x54 -> Node 0
[    0.034651] SRAT: PXM 0 -> APIC 0x56 -> Node 0
[    0.034651] SRAT: PXM 0 -> APIC 0x58 -> Node 0
[    0.034652] SRAT: PXM 0 -> APIC 0x5a -> Node 0
[    0.034652] SRAT: PXM 0 -> APIC 0x5c -> Node 0
[    0.034652] SRAT: PXM 0 -> APIC 0x5e -> Node 0
[    0.034652] SRAT: PXM 0 -> APIC 0x60 -> Node 0
[    0.034653] SRAT: PXM 0 -> APIC 0x62 -> Node 0
[    0.034653] SRAT: PXM 0 -> APIC 0x64 -> Node 0
[    0.034653] SRAT: PXM 0 -> APIC 0x66 -> Node 0
[    0.034654] SRAT: PXM 0 -> APIC 0x68 -> Node 0
[    0.034654] SRAT: PXM 0 -> APIC 0x6a -> Node 0
[    0.034654] SRAT: PXM 0 -> APIC 0x6c -> Node 0
[    0.034654] SRAT: PXM 0 -> APIC 0x6e -> Node 0
[    0.034655] SRAT: PXM 0 -> APIC 0x70 -> Node 0
[    0.034655] SRAT: PXM 0 -> APIC 0x72 -> Node 0
[    0.034655] SRAT: PXM 0 -> APIC 0x74 -> Node 0
[    0.034656] SRAT: PXM 0 -> APIC 0x76 -> Node 0
[    0.034656] SRAT: PXM 0 -> APIC 0x78 -> Node 0
[    0.034656] SRAT: PXM 0 -> APIC 0x7a -> Node 0
[    0.034656] SRAT: PXM 0 -> APIC 0x7c -> Node 0
[    0.034657] SRAT: PXM 0 -> APIC 0x7e -> Node 0
[    0.034657] SRAT: PXM 0 -> APIC 0x80 -> Node 0
[    0.034657] SRAT: PXM 0 -> APIC 0x82 -> Node 0
[    0.034658] SRAT: PXM 0 -> APIC 0x84 -> Node 0
[    0.034658] SRAT: PXM 0 -> APIC 0x86 -> Node 0
[    0.034658] SRAT: PXM 0 -> APIC 0x88 -> Node 0
[    0.034658] SRAT: PXM 0 -> APIC 0x8a -> Node 0
[    0.034659] SRAT: PXM 0 -> APIC 0x8c -> Node 0
[    0.034659] SRAT: PXM 0 -> APIC 0x8e -> Node 0
[    0.034659] SRAT: PXM 0 -> APIC 0x90 -> Node 0
[    0.034660] SRAT: PXM 0 -> APIC 0x92 -> Node 0
[    0.034660] SRAT: PXM 0 -> APIC 0x94 -> Node 0
[    0.034660] SRAT: PXM 0 -> APIC 0x96 -> Node 0
[    0.034660] SRAT: PXM 0 -> APIC 0x98 -> Node 0
[    0.034661] SRAT: PXM 0 -> APIC 0x9a -> Node 0
[    0.034661] SRAT: PXM 0 -> APIC 0x9c -> Node 0
[    0.034661] SRAT: PXM 0 -> APIC 0x9e -> Node 0
[    0.034662] SRAT: PXM 0 -> APIC 0xa0 -> Node 0
[    0.034662] SRAT: PXM 0 -> APIC 0xa2 -> Node 0
[    0.034662] SRAT: PXM 0 -> APIC 0xa4 -> Node 0
[    0.034662] SRAT: PXM 0 -> APIC 0xa6 -> Node 0
[    0.034663] SRAT: PXM 0 -> APIC 0xa8 -> Node 0
[    0.034663] SRAT: PXM 0 -> APIC 0xaa -> Node 0
[    0.034663] SRAT: PXM 0 -> APIC 0xac -> Node 0
[    0.034664] SRAT: PXM 0 -> APIC 0xae -> Node 0
[    0.034664] SRAT: PXM 0 -> APIC 0xb0 -> Node 0
[    0.034664] SRAT: PXM 0 -> APIC 0xb2 -> Node 0
[    0.034664] SRAT: PXM 0 -> APIC 0xb4 -> Node 0
[    0.034665] SRAT: PXM 0 -> APIC 0xb6 -> Node 0
[    0.034665] SRAT: PXM 0 -> APIC 0xb8 -> Node 0
[    0.034665] SRAT: PXM 0 -> APIC 0xba -> Node 0
[    0.034666] SRAT: PXM 0 -> APIC 0xbc -> Node 0
[    0.034666] SRAT: PXM 0 -> APIC 0xbe -> Node 0
[    0.034666] SRAT: PXM 0 -> APIC 0xc0 -> Node 0
[    0.034666] SRAT: PXM 0 -> APIC 0xc2 -> Node 0
[    0.034667] SRAT: PXM 0 -> APIC 0xc4 -> Node 0
[    0.034667] SRAT: PXM 0 -> APIC 0xc6 -> Node 0
[    0.034667] SRAT: PXM 0 -> APIC 0xc8 -> Node 0
[    0.034668] SRAT: PXM 0 -> APIC 0xca -> Node 0
[    0.034668] SRAT: PXM 0 -> APIC 0xcc -> Node 0
[    0.034668] SRAT: PXM 0 -> APIC 0xce -> Node 0
[    0.034668] SRAT: PXM 0 -> APIC 0xd0 -> Node 0
[    0.034678] SRAT: PXM 0 -> APIC 0xd2 -> Node 0
[    0.034679] SRAT: PXM 0 -> APIC 0xd4 -> Node 0
[    0.034679] SRAT: PXM 0 -> APIC 0xd6 -> Node 0
[    0.034680] SRAT: PXM 0 -> APIC 0xd8 -> Node 0
[    0.034680] SRAT: PXM 0 -> APIC 0xda -> Node 0
[    0.034680] SRAT: PXM 0 -> APIC 0xdc -> Node 0
[    0.034681] SRAT: PXM 0 -> APIC 0xde -> Node 0
[    0.034681] SRAT: PXM 0 -> APIC 0xe0 -> Node 0
[    0.034681] SRAT: PXM 0 -> APIC 0xe2 -> Node 0
[    0.034681] SRAT: PXM 0 -> APIC 0xe4 -> Node 0
[    0.034682] SRAT: PXM 0 -> APIC 0xe6 -> Node 0
[    0.034682] SRAT: PXM 0 -> APIC 0xe8 -> Node 0
[    0.034682] SRAT: PXM 0 -> APIC 0xea -> Node 0
[    0.034683] SRAT: PXM 0 -> APIC 0xec -> Node 0
[    0.034683] SRAT: PXM 0 -> APIC 0xee -> Node 0
[    0.034683] SRAT: PXM 0 -> APIC 0xf0 -> Node 0
[    0.034683] SRAT: PXM 0 -> APIC 0xf2 -> Node 0
[    0.034684] SRAT: PXM 0 -> APIC 0xf4 -> Node 0
[    0.034684] SRAT: PXM 0 -> APIC 0xf6 -> Node 0
[    0.034684] SRAT: PXM 0 -> APIC 0xf8 -> Node 0
[    0.034685] SRAT: PXM 0 -> APIC 0xfa -> Node 0
[    0.034685] SRAT: PXM 0 -> APIC 0xfc -> Node 0
[    0.034685] SRAT: PXM 0 -> APIC 0xfe -> Node 0
[    0.034689] ACPI: SRAT: Node 0 PXM 0 [mem 0x00000000-0x0009ffff]
[    0.034689] ACPI: SRAT: Node 0 PXM 0 [mem 0x00100000-0xbfffffff]
[    0.034690] ACPI: SRAT: Node 0 PXM 0 [mem 0x100000000-0x13fffffff]
[    0.034690] ACPI: SRAT: Node 0 PXM 0 [mem 0x140000000-0x103fffffff] hotplug
[    0.034692] NUMA: Node 0 [mem 0x00000000-0x0009ffff] + [mem 0x00100000-0xbfffffff] -> [mem 0x00000000-0xbfffffff]
[    0.034693] NUMA: Node 0 [mem 0x00000000-0xbfffffff] + [mem 0x100000000-0x13fffffff] -> [mem 0x00000000-0x13fffffff]
[    0.034698] NODE_DATA(0) allocated [mem 0x13ffd6000-0x13fffffff]
[    0.035504] Zone ranges:
[    0.035504]   DMA      [mem 0x0000000000001000-0x0000000000ffffff]
[    0.035505]   DMA32    [mem 0x0000000001000000-0x00000000ffffffff]
[    0.035506]   Normal   [mem 0x0000000100000000-0x000000013fffffff]
[    0.035506]   Device   empty
[    0.035507] Movable zone start for each node
[    0.035508] Early memory node ranges
[    0.035509]   node   0: [mem 0x0000000000001000-0x000000000009dfff]
[    0.035509]   node   0: [mem 0x0000000000100000-0x00000000bfecffff]
[    0.035510]   node   0: [mem 0x00000000bff00000-0x00000000bfffffff]
[    0.035510]   node   0: [mem 0x0000000100000000-0x000000013fffffff]
[    0.035585] Zeroed struct page in unavailable ranges: 147 pages
[    0.035586] Initmem setup node 0 [mem 0x0000000000001000-0x000000013fffffff]
[    0.035587] On node 0 totalpages: 1048429
[    0.035588]   DMA zone: 64 pages used for memmap
[    0.035588]   DMA zone: 21 pages reserved
[    0.035589]   DMA zone: 3997 pages, LIFO batch:0
[    0.036449]   DMA32 zone: 12224 pages used for memmap
[    0.036450]   DMA32 zone: 782288 pages, LIFO batch:63
[    0.157422]   Normal zone: 4096 pages used for memmap
[    0.157424]   Normal zone: 262144 pages, LIFO batch:63
[    0.215548] ACPI: PM-Timer IO Port: 0x1008
[    0.215550] ACPI: Local APIC address 0xfee00000
[    0.215554] system APIC only can use physical flat
[    0.215573] ACPI: LAPIC_NMI (acpi_id[0x00] high edge lint[0x1])
[    0.215574] ACPI: LAPIC_NMI (acpi_id[0x01] high edge lint[0x1])
[    0.215574] ACPI: LAPIC_NMI (acpi_id[0x02] high edge lint[0x1])
[    0.215574] ACPI: LAPIC_NMI (acpi_id[0x03] high edge lint[0x1])
[    0.215575] ACPI: LAPIC_NMI (acpi_id[0x04] high edge lint[0x1])
[    0.215575] ACPI: LAPIC_NMI (acpi_id[0x05] high edge lint[0x1])
[    0.215575] ACPI: LAPIC_NMI (acpi_id[0x06] high edge lint[0x1])
[    0.215576] ACPI: LAPIC_NMI (acpi_id[0x07] high edge lint[0x1])
[    0.215576] ACPI: LAPIC_NMI (acpi_id[0x08] high edge lint[0x1])
[    0.215576] ACPI: LAPIC_NMI (acpi_id[0x09] high edge lint[0x1])
[    0.215577] ACPI: LAPIC_NMI (acpi_id[0x0a] high edge lint[0x1])
[    0.215577] ACPI: LAPIC_NMI (acpi_id[0x0b] high edge lint[0x1])
[    0.215577] ACPI: LAPIC_NMI (acpi_id[0x0c] high edge lint[0x1])
[    0.215578] ACPI: LAPIC_NMI (acpi_id[0x0d] high edge lint[0x1])
[    0.215578] ACPI: LAPIC_NMI (acpi_id[0x0e] high edge lint[0x1])
[    0.215578] ACPI: LAPIC_NMI (acpi_id[0x0f] high edge lint[0x1])
[    0.215579] ACPI: LAPIC_NMI (acpi_id[0x10] high edge lint[0x1])
[    0.215579] ACPI: LAPIC_NMI (acpi_id[0x11] high edge lint[0x1])
[    0.215579] ACPI: LAPIC_NMI (acpi_id[0x12] high edge lint[0x1])
[    0.215580] ACPI: LAPIC_NMI (acpi_id[0x13] high edge lint[0x1])
[    0.215595] ACPI: LAPIC_NMI (acpi_id[0x14] high edge lint[0x1])
[    0.215596] ACPI: LAPIC_NMI (acpi_id[0x15] high edge lint[0x1])
[    0.215596] ACPI: LAPIC_NMI (acpi_id[0x16] high edge lint[0x1])
[    0.215596] ACPI: LAPIC_NMI (acpi_id[0x17] high edge lint[0x1])
[    0.215597] ACPI: LAPIC_NMI (acpi_id[0x18] high edge lint[0x1])
[    0.215597] ACPI: LAPIC_NMI (acpi_id[0x19] high edge lint[0x1])
[    0.215597] ACPI: LAPIC_NMI (acpi_id[0x1a] high edge lint[0x1])
[    0.215597] ACPI: LAPIC_NMI (acpi_id[0x1b] high edge lint[0x1])
[    0.215598] ACPI: LAPIC_NMI (acpi_id[0x1c] high edge lint[0x1])
[    0.215598] ACPI: LAPIC_NMI (acpi_id[0x1d] high edge lint[0x1])
[    0.215598] ACPI: LAPIC_NMI (acpi_id[0x1e] high edge lint[0x1])
[    0.215599] ACPI: LAPIC_NMI (acpi_id[0x1f] high edge lint[0x1])
[    0.215599] ACPI: LAPIC_NMI (acpi_id[0x20] high edge lint[0x1])
[    0.215599] ACPI: LAPIC_NMI (acpi_id[0x21] high edge lint[0x1])
[    0.215600] ACPI: LAPIC_NMI (acpi_id[0x22] high edge lint[0x1])
[    0.215600] ACPI: LAPIC_NMI (acpi_id[0x23] high edge lint[0x1])
[    0.215600] ACPI: LAPIC_NMI (acpi_id[0x24] high edge lint[0x1])
[    0.215601] ACPI: LAPIC_NMI (acpi_id[0x25] high edge lint[0x1])
[    0.215601] ACPI: LAPIC_NMI (acpi_id[0x26] high edge lint[0x1])
[    0.215601] ACPI: LAPIC_NMI (acpi_id[0x27] high edge lint[0x1])
[    0.215602] ACPI: LAPIC_NMI (acpi_id[0x28] high edge lint[0x1])
[    0.215602] ACPI: LAPIC_NMI (acpi_id[0x29] high edge lint[0x1])
[    0.215602] ACPI: LAPIC_NMI (acpi_id[0x2a] high edge lint[0x1])
[    0.215602] ACPI: LAPIC_NMI (acpi_id[0x2b] high edge lint[0x1])
[    0.215603] ACPI: LAPIC_NMI (acpi_id[0x2c] high edge lint[0x1])
[    0.215603] ACPI: LAPIC_NMI (acpi_id[0x2d] high edge lint[0x1])
[    0.215603] ACPI: LAPIC_NMI (acpi_id[0x2e] high edge lint[0x1])
[    0.215604] ACPI: LAPIC_NMI (acpi_id[0x2f] high edge lint[0x1])
[    0.215625] ACPI: LAPIC_NMI (acpi_id[0x30] high edge lint[0x1])
[    0.215625] ACPI: LAPIC_NMI (acpi_id[0x31] high edge lint[0x1])
[    0.215626] ACPI: LAPIC_NMI (acpi_id[0x32] high edge lint[0x1])
[    0.215626] ACPI: LAPIC_NMI (acpi_id[0x33] high edge lint[0x1])
[    0.215626] ACPI: LAPIC_NMI (acpi_id[0x34] high edge lint[0x1])
[    0.215627] ACPI: LAPIC_NMI (acpi_id[0x35] high edge lint[0x1])
[    0.215627] ACPI: LAPIC_NMI (acpi_id[0x36] high edge lint[0x1])
[    0.215627] ACPI: LAPIC_NMI (acpi_id[0x37] high edge lint[0x1])
[    0.215628] ACPI: LAPIC_NMI (acpi_id[0x38] high edge lint[0x1])
[    0.215628] ACPI: LAPIC_NMI (acpi_id[0x39] high edge lint[0x1])
[    0.215628] ACPI: LAPIC_NMI (acpi_id[0x3a] high edge lint[0x1])
[    0.215629] ACPI: LAPIC_NMI (acpi_id[0x3b] high edge lint[0x1])
[    0.215629] ACPI: LAPIC_NMI (acpi_id[0x3c] high edge lint[0x1])
[    0.215629] ACPI: LAPIC_NMI (acpi_id[0x3d] high edge lint[0x1])
[    0.215630] ACPI: LAPIC_NMI (acpi_id[0x3e] high edge lint[0x1])
[    0.215630] ACPI: LAPIC_NMI (acpi_id[0x3f] high edge lint[0x1])
[    0.215630] ACPI: LAPIC_NMI (acpi_id[0x40] high edge lint[0x1])
[    0.215631] ACPI: LAPIC_NMI (acpi_id[0x41] high edge lint[0x1])
[    0.215631] ACPI: LAPIC_NMI (acpi_id[0x42] high edge lint[0x1])
[    0.215631] ACPI: LAPIC_NMI (acpi_id[0x43] high edge lint[0x1])
[    0.215632] ACPI: LAPIC_NMI (acpi_id[0x44] high edge lint[0x1])
[    0.215632] ACPI: LAPIC_NMI (acpi_id[0x45] high edge lint[0x1])
[    0.215632] ACPI: LAPIC_NMI (acpi_id[0x46] high edge lint[0x1])
[    0.215633] ACPI: LAPIC_NMI (acpi_id[0x47] high edge lint[0x1])
[    0.215633] ACPI: LAPIC_NMI (acpi_id[0x48] high edge lint[0x1])
[    0.215633] ACPI: LAPIC_NMI (acpi_id[0x49] high edge lint[0x1])
[    0.215634] ACPI: LAPIC_NMI (acpi_id[0x4a] high edge lint[0x1])
[    0.215634] ACPI: LAPIC_NMI (acpi_id[0x4b] high edge lint[0x1])
[    0.215634] ACPI: LAPIC_NMI (acpi_id[0x4c] high edge lint[0x1])
[    0.215634] ACPI: LAPIC_NMI (acpi_id[0x4d] high edge lint[0x1])
[    0.215635] ACPI: LAPIC_NMI (acpi_id[0x4e] high edge lint[0x1])
[    0.215635] ACPI: LAPIC_NMI (acpi_id[0x4f] high edge lint[0x1])
[    0.215635] ACPI: LAPIC_NMI (acpi_id[0x50] high edge lint[0x1])
[    0.215636] ACPI: LAPIC_NMI (acpi_id[0x51] high edge lint[0x1])
[    0.215644] ACPI: LAPIC_NMI (acpi_id[0x52] high edge lint[0x1])
[    0.215645] ACPI: LAPIC_NMI (acpi_id[0x53] high edge lint[0x1])
[    0.215645] ACPI: LAPIC_NMI (acpi_id[0x54] high edge lint[0x1])
[    0.215646] ACPI: LAPIC_NMI (acpi_id[0x55] high edge lint[0x1])
[    0.215646] ACPI: LAPIC_NMI (acpi_id[0x56] high edge lint[0x1])
[    0.215647] ACPI: LAPIC_NMI (acpi_id[0x57] high edge lint[0x1])
[    0.215647] ACPI: LAPIC_NMI (acpi_id[0x58] high edge lint[0x1])
[    0.215647] ACPI: LAPIC_NMI (acpi_id[0x59] high edge lint[0x1])
[    0.215647] ACPI: LAPIC_NMI (acpi_id[0x5a] high edge lint[0x1])
[    0.215648] ACPI: LAPIC_NMI (acpi_id[0x5b] high edge lint[0x1])
[    0.215648] ACPI: LAPIC_NMI (acpi_id[0x5c] high edge lint[0x1])
[    0.215648] ACPI: LAPIC_NMI (acpi_id[0x5d] high edge lint[0x1])
[    0.215649] ACPI: LAPIC_NMI (acpi_id[0x5e] high edge lint[0x1])
[    0.215649] ACPI: LAPIC_NMI (acpi_id[0x5f] high edge lint[0x1])
[    0.215649] ACPI: LAPIC_NMI (acpi_id[0x60] high edge lint[0x1])
[    0.215650] ACPI: LAPIC_NMI (acpi_id[0x61] high edge lint[0x1])
[    0.215650] ACPI: LAPIC_NMI (acpi_id[0x62] high edge lint[0x1])
[    0.215650] ACPI: LAPIC_NMI (acpi_id[0x63] high edge lint[0x1])
[    0.215651] ACPI: LAPIC_NMI (acpi_id[0x64] high edge lint[0x1])
[    0.215651] ACPI: LAPIC_NMI (acpi_id[0x65] high edge lint[0x1])
[    0.215651] ACPI: LAPIC_NMI (acpi_id[0x66] high edge lint[0x1])
[    0.215652] ACPI: LAPIC_NMI (acpi_id[0x67] high edge lint[0x1])
[    0.215652] ACPI: LAPIC_NMI (acpi_id[0x68] high edge lint[0x1])
[    0.215652] ACPI: LAPIC_NMI (acpi_id[0x69] high edge lint[0x1])
[    0.215653] ACPI: LAPIC_NMI (acpi_id[0x6a] high edge lint[0x1])
[    0.215653] ACPI: LAPIC_NMI (acpi_id[0x6b] high edge lint[0x1])
[    0.215653] ACPI: LAPIC_NMI (acpi_id[0x6c] high edge lint[0x1])
[    0.215654] ACPI: LAPIC_NMI (acpi_id[0x6d] high edge lint[0x1])
[    0.215654] ACPI: LAPIC_NMI (acpi_id[0x6e] high edge lint[0x1])
[    0.215654] ACPI: LAPIC_NMI (acpi_id[0x6f] high edge lint[0x1])
[    0.215655] ACPI: LAPIC_NMI (acpi_id[0x70] high edge lint[0x1])
[    0.215655] ACPI: LAPIC_NMI (acpi_id[0x71] high edge lint[0x1])
[    0.215655] ACPI: LAPIC_NMI (acpi_id[0x72] high edge lint[0x1])
[    0.215656] ACPI: LAPIC_NMI (acpi_id[0x73] high edge lint[0x1])
[    0.215663] ACPI: LAPIC_NMI (acpi_id[0x74] high edge lint[0x1])
[    0.215664] ACPI: LAPIC_NMI (acpi_id[0x75] high edge lint[0x1])
[    0.215664] ACPI: LAPIC_NMI (acpi_id[0x76] high edge lint[0x1])
[    0.215665] ACPI: LAPIC_NMI (acpi_id[0x77] high edge lint[0x1])
[    0.215665] ACPI: LAPIC_NMI (acpi_id[0x78] high edge lint[0x1])
[    0.215665] ACPI: LAPIC_NMI (acpi_id[0x79] high edge lint[0x1])
[    0.215666] ACPI: LAPIC_NMI (acpi_id[0x7a] high edge lint[0x1])
[    0.215666] ACPI: LAPIC_NMI (acpi_id[0x7b] high edge lint[0x1])
[    0.215666] ACPI: LAPIC_NMI (acpi_id[0x7c] high edge lint[0x1])
[    0.215667] ACPI: LAPIC_NMI (acpi_id[0x7d] high edge lint[0x1])
[    0.215667] ACPI: LAPIC_NMI (acpi_id[0x7e] high edge lint[0x1])
[    0.215667] ACPI: LAPIC_NMI (acpi_id[0x7f] high edge lint[0x1])
[    0.215892] IOAPIC[0]: apic_id 1, version 32, address 0xfec00000, GSI 0-23
[    0.215896] ACPI: INT_SRC_OVR (bus 0 bus_irq 0 global_irq 2 high edge)
[    0.215899] ACPI: IRQ0 used by override.
[    0.215899] ACPI: IRQ9 used by override.
[    0.215902] Using ACPI (MADT) for SMP configuration information
[    0.215903] ACPI: HPET id: 0x8086af01 base: 0xfed00000
[    0.215923] TSC deadline timer available
[    0.215967] smpboot: Allowing 128 CPUs, 124 hotplug CPUs
[    0.215994] PM: hibernation: Registered nosave memory: [mem 0x00000000-0x00000fff]
[    0.215995] PM: hibernation: Registered nosave memory: [mem 0x0009e000-0x0009efff]
[    0.215995] PM: hibernation: Registered nosave memory: [mem 0x0009f000-0x0009ffff]
[    0.215995] PM: hibernation: Registered nosave memory: [mem 0x000a0000-0x000dbfff]
[    0.215996] PM: hibernation: Registered nosave memory: [mem 0x000dc000-0x000fffff]
[    0.215997] PM: hibernation: Registered nosave memory: [mem 0xbfed0000-0xbfefefff]
[    0.215997] PM: hibernation: Registered nosave memory: [mem 0xbfeff000-0xbfefffff]
[    0.216049] PM: hibernation: Registered nosave memory: [mem 0xc0000000-0xefffffff]
[    0.216050] PM: hibernation: Registered nosave memory: [mem 0xf0000000-0xf7ffffff]
[    0.216051] PM: hibernation: Registered nosave memory: [mem 0xf8000000-0xfebfffff]
[    0.216058] PM: hibernation: Registered nosave memory: [mem 0xfec00000-0xfec0ffff]
[    0.216059] PM: hibernation: Registered nosave memory: [mem 0xfec10000-0xfedfffff]
[    0.216060] PM: hibernation: Registered nosave memory: [mem 0xfee00000-0xfee00fff]
[    0.216060] PM: hibernation: Registered nosave memory: [mem 0xfee01000-0xfffdffff]
[    0.216067] PM: hibernation: Registered nosave memory: [mem 0xfffe0000-0xffffffff]
[    0.216069] [mem 0xc0000000-0xefffffff] available for PCI devices
[    0.216070] Booting paravirtualized kernel on VMware hypervisor
[    0.216080] clocksource: refined-jiffies: mask: 0xffffffff max_cycles: 0xffffffff, max_idle_ns: 7645519600211568 ns
[    0.216099] setup_percpu: NR_CPUS:8192 nr_cpumask_bits:128 nr_cpu_ids:128 nr_node_ids:1
[    0.305970] percpu: Embedded 56 pages/cpu s192512 r8192 d28672 u262144
[    0.305980] pcpu-alloc: s192512 r8192 d28672 u262144 alloc=1*2097152
[    0.305981] pcpu-alloc: [0] 000 001 002 003 004 005 006 007 
[    0.305982] pcpu-alloc: [0] 008 009 010 011 012 013 014 015 
[    0.305984] pcpu-alloc: [0] 016 017 018 019 020 021 022 023 
[    0.305985] pcpu-alloc: [0] 024 025 026 027 028 029 030 031 
[    0.305986] pcpu-alloc: [0] 032 033 034 035 036 037 038 039 
[    0.305987] pcpu-alloc: [0] 040 041 042 043 044 045 046 047 
[    0.305988] pcpu-alloc: [0] 048 049 050 051 052 053 054 055 
[    0.305989] pcpu-alloc: [0] 056 057 058 059 060 061 062 063 
[    0.305991] pcpu-alloc: [0] 064 065 066 067 068 069 070 071 
[    0.305992] pcpu-alloc: [0] 072 073 074 075 076 077 078 079 
[    0.305993] pcpu-alloc: [0] 080 081 082 083 084 085 086 087 
[    0.305994] pcpu-alloc: [0] 088 089 090 091 092 093 094 095 
[    0.305995] pcpu-alloc: [0] 096 097 098 099 100 101 102 103 
[    0.305996] pcpu-alloc: [0] 104 105 106 107 108 109 110 111 
[    0.305997] pcpu-alloc: [0] 112 113 114 115 116 117 118 119 
[    0.305999] pcpu-alloc: [0] 120 121 122 123 124 125 126 127 
[    0.306052] Built 1 zonelists, mobility grouping on.  Total pages: 1032024
[    0.306053] Policy zone: Normal
[    0.306054] Kernel command line: BOOT_IMAGE=/boot/vmlinuz-5.8.1anmol.0327 root=UUID=0d54cc76-7cb2-4ddc-b65c-f65dedcbc618 ro find_preseed=/preseed.cfg auto noprompt priority=critical locale=en_US quiet
[    0.306158] printk: log_buf_len individual max cpu contribution: 4096 bytes
[    0.306158] printk: log_buf_len total cpu_extra contributions: 520192 bytes
[    0.306158] printk: log_buf_len min size: 262144 bytes
[    0.308997] printk: log_buf_len: 1048576 bytes
[    0.308998] printk: early log buf free: 235496(89%)
[    0.319873] Dentry cache hash table entries: 524288 (order: 10, 4194304 bytes, linear)
[    0.325342] Inode-cache hash table entries: 262144 (order: 9, 2097152 bytes, linear)
[    0.327277] mem auto-init: stack:off, heap alloc:on, heap free:off
[    0.414540] Memory: 3324632K/4193716K available (14339K kernel code, 2557K rwdata, 5324K rodata, 2632K init, 4908K bss, 869084K reserved, 0K cma-reserved)
[    0.414546] random: get_random_u64 called from __kmem_cache_create+0x42/0x540 with crng_init=0
[    0.415332] SLUB: HWalign=64, Order=0-3, MinObjects=0, CPUs=128, Nodes=1
[    0.415392] ftrace: allocating 45633 entries in 179 pages
[    0.427545] ftrace: allocated 179 pages with 5 groups
[    0.428812] rcu: Hierarchical RCU implementation.
[    0.428813] rcu: 	RCU restricting CPUs from NR_CPUS=8192 to nr_cpu_ids=128.
[    0.428814] 	Trampoline variant of Tasks RCU enabled.
[    0.428814] 	Rude variant of Tasks RCU enabled.
[    0.428814] 	Tracing variant of Tasks RCU enabled.
[    0.428815] rcu: RCU calculated value of scheduler-enlistment delay is 25 jiffies.
[    0.428815] rcu: Adjusting geometry for rcu_fanout_leaf=16, nr_cpu_ids=128
[    0.431534] NR_IRQS: 524544, nr_irqs: 1448, preallocated irqs: 16
[    0.432080] random: crng done (trusting CPU's manufacturer)
[    0.439402] Console: colour VGA+ 80x25
[    0.439402] printk: console [tty0] enabled
[    0.439402] ACPI: Core revision 20200528
[    0.439402] clocksource: hpet: mask: 0xffffffff max_cycles: 0xffffffff, max_idle_ns: 133484882848 ns
[    0.451175] APIC: Switch to symmetric I/O mode setup
[    0.451933] x2apic enabled
[    0.452345] Switched APIC routing to physical x2apic.
[    0.454375] ..TIMER: vector=0x30 apic1=0 pin1=2 apic2=-1 pin2=-1
[    0.454433] clocksource: tsc-early: mask: 0xffffffffffffffff max_cycles: 0x255cbf51843, max_idle_ns: 440795283469 ns
[    0.454448] Calibrating delay loop (skipped) preset value.. 5184.01 BogoMIPS (lpj=10368036)
[    0.454455] pid_max: default: 131072 minimum: 1024
[    0.454527] LSM: Security Framework initializing
[    0.454545] Yama: becoming mindful.
[    0.454686] AppArmor: AppArmor initialized
[    0.454959] Mount-cache hash table entries: 8192 (order: 4, 65536 bytes, linear)
[    0.455132] Mountpoint-cache hash table entries: 8192 (order: 4, 65536 bytes, linear)
[    0.459619] Disabled fast string operations
[    0.459818] Last level iTLB entries: 4KB 64, 2MB 8, 4MB 8
[    0.459819] Last level dTLB entries: 4KB 64, 2MB 0, 4MB 0, 1GB 4
[    0.459822] Spectre V1 : Mitigation: usercopy/swapgs barriers and __user pointer sanitization
[    0.459822] Spectre V2 : Mitigation: Full generic retpoline
[    0.459823] Spectre V2 : Spectre v2 / SpectreRSB mitigation: Filling RSB on context switch
[    0.459823] Spectre V2 : Enabling Restricted Speculation for firmware calls
[    0.459824] Spectre V2 : mitigation: Enabling conditional Indirect Branch Prediction Barrier
[    0.459824] Speculative Store Bypass: Mitigation: Speculative Store Bypass disabled via prctl and seccomp
[    0.459979] Freeing SMP alternatives memory: 40K
[    0.465129] smpboot: CPU0: Intel(R) Core(TM) i7-10750H CPU @ 2.60GHz (family: 0x6, model: 0xa5, stepping: 0x2)
[    0.466440] Performance Events: Skylake events, core PMU driver.
[    0.466440] core: CPUID marked event: 'cpu cycles' unavailable
[    0.466440] core: CPUID marked event: 'instructions' unavailable
[    0.466440] core: CPUID marked event: 'bus cycles' unavailable
[    0.466440] core: CPUID marked event: 'cache references' unavailable
[    0.466440] core: CPUID marked event: 'cache misses' unavailable
[    0.466440] core: CPUID marked event: 'branch instructions' unavailable
[    0.466440] core: CPUID marked event: 'branch misses' unavailable
[    0.466440] ... version:                1
[    0.466440] ... bit width:              48
[    0.466440] ... generic registers:      4
[    0.466440] ... value mask:             0000ffffffffffff
[    0.466440] ... max period:             000000007fffffff
[    0.466440] ... fixed-purpose events:   0
[    0.466440] ... event mask:             000000000000000f
[    0.466440] rcu: Hierarchical SRCU implementation.
[    0.466440] NMI watchdog: Perf NMI watchdog permanently disabled
[    0.474223] smp: Bringing up secondary CPUs ...
[    0.474440] x86: Booting SMP configuration:
[    0.474440] .... node  #0, CPUs:          #1
[    0.026398] Disabled fast string operations
[    0.026398] smpboot: CPU 1 Converting physical 2 to logical package 1
[    0.026398] smpboot: CPU 1 Converting physical 0 to logical die 1
[    0.476104]    #2
[    0.026398] Disabled fast string operations
[    0.026398] smpboot: CPU 2 Converting physical 4 to logical package 2
[    0.026398] smpboot: CPU 2 Converting physical 0 to logical die 2
[    0.477710]    #3
[    0.026398] Disabled fast string operations
[    0.026398] smpboot: CPU 3 Converting physical 6 to logical package 3
[    0.026398] smpboot: CPU 3 Converting physical 0 to logical die 3
[    0.478821] smp: Brought up 1 node, 4 CPUs
[    0.478828] smpboot: Max logical packages: 128
[    0.478841] smpboot: Total of 4 processors activated (20736.07 BogoMIPS)
[    0.480009] devtmpfs: initialized
[    0.480009] x86/mm: Memory block size: 128MB
[    0.482536] PM: Registering ACPI NVS region [mem 0xbfeff000-0xbfefffff] (4096 bytes)
[    0.482946] clocksource: jiffies: mask: 0xffffffff max_cycles: 0xffffffff, max_idle_ns: 7645041785100000 ns
[    0.486440] futex hash table entries: 32768 (order: 9, 2097152 bytes, linear)
[    0.486928] pinctrl core: initialized pinctrl subsystem
[    0.487116] PM: RTC time: 08:07:26, date: 2021-02-17
[    0.487122] thermal_sys: Registered thermal governor 'fair_share'
[    0.487128] thermal_sys: Registered thermal governor 'bang_bang'
[    0.487134] thermal_sys: Registered thermal governor 'step_wise'
[    0.487140] thermal_sys: Registered thermal governor 'user_space'
[    0.487145] thermal_sys: Registered thermal governor 'power_allocator'
[    0.487969] NET: Registered protocol family 16
[    0.489515] DMA: preallocated 512 KiB GFP_KERNEL pool for atomic allocations
[    0.489582] DMA: preallocated 512 KiB GFP_KERNEL|GFP_DMA pool for atomic allocations
[    0.490440] DMA: preallocated 512 KiB GFP_KERNEL|GFP_DMA32 pool for atomic allocations
[    0.490440] audit: initializing netlink subsys (disabled)
[    0.490514] audit: type=2000 audit(1613549246.036:1): state=initialized audit_enabled=0 res=1
[    0.490843] EISA bus registered
[    0.491243] cpuidle: using governor ladder
[    0.491243] cpuidle: using governor menu
[    0.491243] Simple Boot Flag at 0x36 set to 0x80
[    0.491243] ACPI: bus type PCI registered
[    0.491243] acpiphp: ACPI Hot Plug PCI Controller Driver version: 0.5
[    0.491314] PCI: MMCONFIG for domain 0000 [bus 00-7f] at [mem 0xf0000000-0xf7ffffff] (base 0xf0000000)
[    0.491322] PCI: MMCONFIG at [mem 0xf0000000-0xf7ffffff] reserved in E820
[    0.491335] PCI: Using configuration type 1 for base access
[    0.494805] HugeTLB registered 1.00 GiB page size, pre-allocated 0 pages
[    0.494805] HugeTLB registered 2.00 MiB page size, pre-allocated 0 pages
[    0.522874] ACPI: Added _OSI(Module Device)
[    0.522880] ACPI: Added _OSI(Processor Device)
[    0.522886] ACPI: Added _OSI(3.0 _SCP Extensions)
[    0.522892] ACPI: Added _OSI(Processor Aggregator Device)
[    0.522898] ACPI: Added _OSI(Linux-Dell-Video)
[    0.522905] ACPI: Added _OSI(Linux-Lenovo-NV-HDMI-Audio)
[    0.522911] ACPI: Added _OSI(Linux-HPI-Hybrid-Graphics)
[    0.536094] ACPI: 1 ACPI AML tables successfully acquired and loaded
[    0.538161] ACPI: [Firmware Bug]: BIOS _OSI(Linux) query ignored
[    0.554440] ACPI: Interpreter enabled
[    0.554440] ACPI: (supports S0 S1 S4 S5)
[    0.554440] ACPI: Using IOAPIC for interrupt routing
[    0.554440] PCI: Using host bridge windows from ACPI; if necessary, use "pci=nocrs" and report a bug
[    0.554440] ACPI: Enabled 4 GPEs in block 00 to 0F
[    0.662440] ACPI: PCI Root Bridge [PCI0] (domain 0000 [bus 00-7f])
[    0.662440] acpi PNP0A03:00: _OSC: OS supports [ExtendedConfig ASPM ClockPM Segments MSI HPX-Type3]
[    0.662440] acpi PNP0A03:00: _OSC: platform does not support [AER LTR]
[    0.662440] acpi PNP0A03:00: _OSC: OS now controls [PCIeHotplug SHPCHotplug PME PCIeCapability]
[    0.663929] PCI host bridge to bus 0000:00
[    0.663930] pci_bus 0000:00: root bus resource [mem 0x000a0000-0x000bffff window]
[    0.663931] pci_bus 0000:00: root bus resource [mem 0x000d0000-0x000d3fff window]
[    0.663931] pci_bus 0000:00: root bus resource [mem 0x000d4000-0x000d7fff window]
[    0.663932] pci_bus 0000:00: root bus resource [mem 0x000d8000-0x000dbfff window]
[    0.663932] pci_bus 0000:00: root bus resource [mem 0xc0000000-0xfebfffff window]
[    0.663933] pci_bus 0000:00: root bus resource [io  0x0000-0x0cf7 window]
[    0.663933] pci_bus 0000:00: root bus resource [io  0x0d00-0xfeff window]
[    0.663934] pci_bus 0000:00: root bus resource [bus 00-7f]
[    0.663991] pci 0000:00:00.0: [8086:7190] type 00 class 0x060000
[    0.666539] pci 0000:00:01.0: [8086:7191] type 01 class 0x060400
[    0.674121] pci 0000:00:07.0: [8086:7110] type 00 class 0x060100
[    0.674440] pci 0000:00:07.1: [8086:7111] type 00 class 0x01018a
[    0.675439] pci 0000:00:07.1: reg 0x20: [io  0x1060-0x106f]
[    0.676318] pci 0000:00:07.1: legacy IDE quirk: reg 0x10: [io  0x01f0-0x01f7]
[    0.676319] pci 0000:00:07.1: legacy IDE quirk: reg 0x14: [io  0x03f6]
[    0.676319] pci 0000:00:07.1: legacy IDE quirk: reg 0x18: [io  0x0170-0x0177]
[    0.676320] pci 0000:00:07.1: legacy IDE quirk: reg 0x1c: [io  0x0376]
[    0.676605] pci 0000:00:07.3: [8086:7113] type 00 class 0x068000
[    0.678179] pci 0000:00:07.3: quirk: [io  0x1000-0x103f] claimed by PIIX4 ACPI
[    0.678192] pci 0000:00:07.3: quirk: [io  0x1040-0x104f] claimed by PIIX4 SMB
[    0.678440] pci 0000:00:07.7: [15ad:0740] type 00 class 0x088000
[    0.678440] pci 0000:00:07.7: reg 0x10: [io  0x1080-0x10bf]
[    0.678440] pci 0000:00:07.7: reg 0x14: [mem 0xfebfe000-0xfebfffff 64bit]
[    0.686440] pci 0000:00:0f.0: [15ad:0405] type 00 class 0x030000
[    0.687262] pci 0000:00:0f.0: reg 0x10: [io  0x1070-0x107f]
[    0.688403] pci 0000:00:0f.0: reg 0x14: [mem 0xe8000000-0xefffffff pref]
[    0.689158] pci 0000:00:0f.0: reg 0x18: [mem 0xfe000000-0xfe7fffff]
[    0.690440] pci 0000:00:0f.0: reg 0x30: [mem 0x00000000-0x00007fff pref]
[    0.690440] pci 0000:00:10.0: [1000:0030] type 00 class 0x010000
[    0.690819] pci 0000:00:10.0: reg 0x10: [io  0x1400-0x14ff]
[    0.691131] pci 0000:00:10.0: reg 0x14: [mem 0xfeba0000-0xfebbffff 64bit]
[    0.691454] pci 0000:00:10.0: reg 0x1c: [mem 0xfebc0000-0xfebdffff 64bit]
[    0.691991] pci 0000:00:10.0: reg 0x30: [mem 0x00000000-0x00003fff pref]
[    0.694066] pci 0000:00:11.0: [15ad:0790] type 01 class 0x060401
[    0.698440] pci 0000:00:15.0: [15ad:07a0] type 01 class 0x060400
[    0.698440] pci 0000:00:15.0: PME# supported from D0 D3hot D3cold
[    0.698440] pci 0000:00:15.1: [15ad:07a0] type 01 class 0x060400
[    0.698440] pci 0000:00:15.1: PME# supported from D0 D3hot D3cold
[    0.698804] pci 0000:00:15.2: [15ad:07a0] type 01 class 0x060400
[    0.699901] pci 0000:00:15.2: PME# supported from D0 D3hot D3cold
[    0.700459] pci 0000:00:15.3: [15ad:07a0] type 01 class 0x060400
[    0.701669] pci 0000:00:15.3: PME# supported from D0 D3hot D3cold
[    0.702218] pci 0000:00:15.4: [15ad:07a0] type 01 class 0x060400
[    0.702440] pci 0000:00:15.4: PME# supported from D0 D3hot D3cold
[    0.702440] pci 0000:00:15.5: [15ad:07a0] type 01 class 0x060400
[    0.702440] pci 0000:00:15.5: PME# supported from D0 D3hot D3cold
[    0.702519] pci 0000:00:15.6: [15ad:07a0] type 01 class 0x060400
[    0.703688] pci 0000:00:15.6: PME# supported from D0 D3hot D3cold
[    0.704195] pci 0000:00:15.7: [15ad:07a0] type 01 class 0x060400
[    0.705267] pci 0000:00:15.7: PME# supported from D0 D3hot D3cold
[    0.706440] pci 0000:00:16.0: [15ad:07a0] type 01 class 0x060400
[    0.706440] pci 0000:00:16.0: PME# supported from D0 D3hot D3cold
[    0.706440] pci 0000:00:16.1: [15ad:07a0] type 01 class 0x060400
[    0.707132] pci 0000:00:16.1: PME# supported from D0 D3hot D3cold
[    0.707772] pci 0000:00:16.2: [15ad:07a0] type 01 class 0x060400
[    0.708930] pci 0000:00:16.2: PME# supported from D0 D3hot D3cold
[    0.709459] pci 0000:00:16.3: [15ad:07a0] type 01 class 0x060400
[    0.710440] pci 0000:00:16.3: PME# supported from D0 D3hot D3cold
[    0.710440] pci 0000:00:16.4: [15ad:07a0] type 01 class 0x060400
[    0.710440] pci 0000:00:16.4: PME# supported from D0 D3hot D3cold
[    0.710440] pci 0000:00:16.5: [15ad:07a0] type 01 class 0x060400
[    0.710800] pci 0000:00:16.5: PME# supported from D0 D3hot D3cold
[    0.711374] pci 0000:00:16.6: [15ad:07a0] type 01 class 0x060400
[    0.712492] pci 0000:00:16.6: PME# supported from D0 D3hot D3cold
[    0.712946] pci 0000:00:16.7: [15ad:07a0] type 01 class 0x060400
[    0.714094] pci 0000:00:16.7: PME# supported from D0 D3hot D3cold
[    0.714440] pci 0000:00:17.0: [15ad:07a0] type 01 class 0x060400
[    0.714440] pci 0000:00:17.0: PME# supported from D0 D3hot D3cold
[    0.714747] pci 0000:00:17.1: [15ad:07a0] type 01 class 0x060400
[    0.715875] pci 0000:00:17.1: PME# supported from D0 D3hot D3cold
[    0.716402] pci 0000:00:17.2: [15ad:07a0] type 01 class 0x060400
[    0.717594] pci 0000:00:17.2: PME# supported from D0 D3hot D3cold
[    0.718083] pci 0000:00:17.3: [15ad:07a0] type 01 class 0x060400
[    0.718440] pci 0000:00:17.3: PME# supported from D0 D3hot D3cold
[    0.718440] pci 0000:00:17.4: [15ad:07a0] type 01 class 0x060400
[    0.718440] pci 0000:00:17.4: PME# supported from D0 D3hot D3cold
[    0.718865] pci 0000:00:17.5: [15ad:07a0] type 01 class 0x060400
[    0.719995] pci 0000:00:17.5: PME# supported from D0 D3hot D3cold
[    0.720516] pci 0000:00:17.6: [15ad:07a0] type 01 class 0x060400
[    0.721628] pci 0000:00:17.6: PME# supported from D0 D3hot D3cold
[    0.722236] pci 0000:00:17.7: [15ad:07a0] type 01 class 0x060400
[    0.722440] pci 0000:00:17.7: PME# supported from D0 D3hot D3cold
[    0.722440] pci 0000:00:18.0: [15ad:07a0] type 01 class 0x060400
[    0.723307] pci 0000:00:18.0: PME# supported from D0 D3hot D3cold
[    0.723826] pci 0000:00:18.1: [15ad:07a0] type 01 class 0x060400
[    0.725020] pci 0000:00:18.1: PME# supported from D0 D3hot D3cold
[    0.725627] pci 0000:00:18.2: [15ad:07a0] type 01 class 0x060400
[    0.726440] pci 0000:00:18.2: PME# supported from D0 D3hot D3cold
[    0.726440] pci 0000:00:18.3: [15ad:07a0] type 01 class 0x060400
[    0.726440] pci 0000:00:18.3: PME# supported from D0 D3hot D3cold
[    0.726663] pci 0000:00:18.4: [15ad:07a0] type 01 class 0x060400
[    0.727958] pci 0000:00:18.4: PME# supported from D0 D3hot D3cold
[    0.728444] pci 0000:00:18.5: [15ad:07a0] type 01 class 0x060400
[    0.729589] pci 0000:00:18.5: PME# supported from D0 D3hot D3cold
[    0.730086] pci 0000:00:18.6: [15ad:07a0] type 01 class 0x060400
[    0.730440] pci 0000:00:18.6: PME# supported from D0 D3hot D3cold
[    0.730440] pci 0000:00:18.7: [15ad:07a0] type 01 class 0x060400
[    0.730440] pci 0000:00:18.7: PME# supported from D0 D3hot D3cold
[    0.738440] pci_bus 0000:01: extended config space not accessible
[    0.770440] pci 0000:00:01.0: PCI bridge to [bus 01]
[    0.770440] pci_bus 0000:02: extended config space not accessible
[    0.770440] acpiphp: Slot [32] registered
[    0.770440] acpiphp: Slot [33] registered
[    0.770440] acpiphp: Slot [34] registered
[    0.770440] acpiphp: Slot [35] registered
[    0.770440] acpiphp: Slot [36] registered
[    0.770440] acpiphp: Slot [37] registered
[    0.770440] acpiphp: Slot [38] registered
[    0.770440] acpiphp: Slot [39] registered
[    0.770440] acpiphp: Slot [40] registered
[    0.770440] acpiphp: Slot [41] registered
[    0.770440] acpiphp: Slot [42] registered
[    0.770440] acpiphp: Slot [43] registered
[    0.770440] acpiphp: Slot [44] registered
[    0.770440] acpiphp: Slot [45] registered
[    0.770440] acpiphp: Slot [46] registered
[    0.770440] acpiphp: Slot [47] registered
[    0.770440] acpiphp: Slot [48] registered
[    0.770440] acpiphp: Slot [49] registered
[    0.770440] acpiphp: Slot [50] registered
[    0.770440] acpiphp: Slot [51] registered
[    0.770440] acpiphp: Slot [52] registered
[    0.770440] acpiphp: Slot [53] registered
[    0.770440] acpiphp: Slot [54] registered
[    0.770440] acpiphp: Slot [55] registered
[    0.770440] acpiphp: Slot [56] registered
[    0.770440] acpiphp: Slot [57] registered
[    0.770440] acpiphp: Slot [58] registered
[    0.770440] acpiphp: Slot [59] registered
[    0.770440] acpiphp: Slot [60] registered
[    0.770440] acpiphp: Slot [61] registered
[    0.770440] acpiphp: Slot [62] registered
[    0.770440] acpiphp: Slot [63] registered
[    0.770440] pci 0000:02:00.0: [15ad:0774] type 00 class 0x0c0300
[    0.772245] pci 0000:02:00.0: reg 0x20: [io  0x2080-0x209f]
[    0.774440] pci 0000:02:01.0: [8086:100f] type 00 class 0x020000
[    0.774440] pci 0000:02:01.0: reg 0x10: [mem 0xfd5c0000-0xfd5dffff 64bit]
[    0.774440] pci 0000:02:01.0: reg 0x18: [mem 0xfdff0000-0xfdffffff 64bit]
[    0.774802] pci 0000:02:01.0: reg 0x20: [io  0x2000-0x203f]
[    0.775808] pci 0000:02:01.0: reg 0x30: [mem 0x00000000-0x0000ffff pref]
[    0.776209] pci 0000:02:01.0: PME# supported from D0 D3hot D3cold
[    0.778223] pci 0000:02:02.0: [1274:1371] type 00 class 0x040100
[    0.778440] pci 0000:02:02.0: reg 0x10: [io  0x2040-0x207f]
[    0.779062] pci 0000:02:03.0: [15ad:0770] type 00 class 0x0c0320
[    0.779301] pci 0000:02:03.0: reg 0x10: [mem 0xfd5ef000-0xfd5effff]
[    0.782440] pci 0000:02:05.0: [15ad:07e0] type 00 class 0x010601
[    0.782808] pci 0000:02:05.0: reg 0x24: [mem 0xfd5ee000-0xfd5eefff]
[    0.783022] pci 0000:02:05.0: reg 0x30: [mem 0x00000000-0x0000ffff pref]
[    0.783519] pci 0000:02:05.0: PME# supported from D3hot
[    0.810858] pci 0000:00:11.0: PCI bridge to [bus 02] (subtractive decode)
[    0.810884] pci 0000:00:11.0:   bridge window [io  0x2000-0x3fff]
[    0.810909] pci 0000:00:11.0:   bridge window [mem 0xfd500000-0xfdffffff]
[    0.810955] pci 0000:00:11.0:   bridge window [mem 0xe7b00000-0xe7ffffff 64bit pref]
[    0.810957] pci 0000:00:11.0:   bridge window [mem 0x000a0000-0x000bffff window] (subtractive decode)
[    0.810957] pci 0000:00:11.0:   bridge window [mem 0x000d0000-0x000d3fff window] (subtractive decode)
[    0.810958] pci 0000:00:11.0:   bridge window [mem 0x000d4000-0x000d7fff window] (subtractive decode)
[    0.810958] pci 0000:00:11.0:   bridge window [mem 0x000d8000-0x000dbfff window] (subtractive decode)
[    0.810959] pci 0000:00:11.0:   bridge window [mem 0xc0000000-0xfebfffff window] (subtractive decode)
[    0.810959] pci 0000:00:11.0:   bridge window [io  0x0000-0x0cf7 window] (subtractive decode)
[    0.810960] pci 0000:00:11.0:   bridge window [io  0x0d00-0xfeff window] (subtractive decode)
[    0.843515] pci 0000:00:15.0: PCI bridge to [bus 03]
[    0.843542] pci 0000:00:15.0:   bridge window [io  0x4000-0x4fff]
[    0.843566] pci 0000:00:15.0:   bridge window [mem 0xfd400000-0xfd4fffff]
[    0.843612] pci 0000:00:15.0:   bridge window [mem 0xe7a00000-0xe7afffff 64bit pref]
[    0.879069] pci 0000:00:15.1: PCI bridge to [bus 04]
[    0.879095] pci 0000:00:15.1:   bridge window [io  0x8000-0x8fff]
[    0.879118] pci 0000:00:15.1:   bridge window [mem 0xfd000000-0xfd0fffff]
[    0.879162] pci 0000:00:15.1:   bridge window [mem 0xe7600000-0xe76fffff 64bit pref]
[    0.914440] pci 0000:00:15.2: PCI bridge to [bus 05]
[    0.914467] pci 0000:00:15.2:   bridge window [io  0xc000-0xcfff]
[    0.914492] pci 0000:00:15.2:   bridge window [mem 0xfcc00000-0xfccfffff]
[    0.914540] pci 0000:00:15.2:   bridge window [mem 0xe7200000-0xe72fffff 64bit pref]
[    0.949625] pci 0000:00:15.3: PCI bridge to [bus 06]
[    0.949676] pci 0000:00:15.3:   bridge window [mem 0xfc800000-0xfc8fffff]
[    0.949723] pci 0000:00:15.3:   bridge window [mem 0xe6e00000-0xe6efffff 64bit pref]
[    0.982517] pci 0000:00:15.4: PCI bridge to [bus 07]
[    0.982566] pci 0000:00:15.4:   bridge window [mem 0xfc400000-0xfc4fffff]
[    0.982612] pci 0000:00:15.4:   bridge window [mem 0xe6a00000-0xe6afffff 64bit pref]
[    1.018440] pci 0000:00:15.5: PCI bridge to [bus 08]
[    1.018440] pci 0000:00:15.5:   bridge window [mem 0xfc000000-0xfc0fffff]
[    1.018440] pci 0000:00:15.5:   bridge window [mem 0xe6600000-0xe66fffff 64bit pref]
[    1.051486] pci 0000:00:15.6: PCI bridge to [bus 09]
[    1.051533] pci 0000:00:15.6:   bridge window [mem 0xfbc00000-0xfbcfffff]
[    1.051578] pci 0000:00:15.6:   bridge window [mem 0xe6200000-0xe62fffff 64bit pref]
[    1.087982] pci 0000:00:15.7: PCI bridge to [bus 0a]
[    1.088029] pci 0000:00:15.7:   bridge window [mem 0xfb800000-0xfb8fffff]
[    1.088075] pci 0000:00:15.7:   bridge window [mem 0xe5e00000-0xe5efffff 64bit pref]
[    1.122440] pci 0000:00:16.0: PCI bridge to [bus 0b]
[    1.122440] pci 0000:00:16.0:   bridge window [io  0x5000-0x5fff]
[    1.122440] pci 0000:00:16.0:   bridge window [mem 0xfd300000-0xfd3fffff]
[    1.122440] pci 0000:00:16.0:   bridge window [mem 0xe7900000-0xe79fffff 64bit pref]
[    1.158440] pci 0000:00:16.1: PCI bridge to [bus 0c]
[    1.158440] pci 0000:00:16.1:   bridge window [io  0x9000-0x9fff]
[    1.158440] pci 0000:00:16.1:   bridge window [mem 0xfcf00000-0xfcffffff]
[    1.158440] pci 0000:00:16.1:   bridge window [mem 0xe7500000-0xe75fffff 64bit pref]
[    1.191709] pci 0000:00:16.2: PCI bridge to [bus 0d]
[    1.191737] pci 0000:00:16.2:   bridge window [io  0xd000-0xdfff]
[    1.191761] pci 0000:00:16.2:   bridge window [mem 0xfcb00000-0xfcbfffff]
[    1.191807] pci 0000:00:16.2:   bridge window [mem 0xe7100000-0xe71fffff 64bit pref]
[    1.228571] pci 0000:00:16.3: PCI bridge to [bus 0e]
[    1.228620] pci 0000:00:16.3:   bridge window [mem 0xfc700000-0xfc7fffff]
[    1.228665] pci 0000:00:16.3:   bridge window [mem 0xe6d00000-0xe6dfffff 64bit pref]
[    1.262440] pci 0000:00:16.4: PCI bridge to [bus 0f]
[    1.262440] pci 0000:00:16.4:   bridge window [mem 0xfc300000-0xfc3fffff]
[    1.262440] pci 0000:00:16.4:   bridge window [mem 0xe6900000-0xe69fffff 64bit pref]
[    1.294440] pci 0000:00:16.5: PCI bridge to [bus 10]
[    1.294440] pci 0000:00:16.5:   bridge window [mem 0xfbf00000-0xfbffffff]
[    1.294440] pci 0000:00:16.5:   bridge window [mem 0xe6500000-0xe65fffff 64bit pref]
[    1.326440] pci 0000:00:16.6: PCI bridge to [bus 11]
[    1.326440] pci 0000:00:16.6:   bridge window [mem 0xfbb00000-0xfbbfffff]
[    1.326440] pci 0000:00:16.6:   bridge window [mem 0xe6100000-0xe61fffff 64bit pref]
[    1.360254] pci 0000:00:16.7: PCI bridge to [bus 12]
[    1.360301] pci 0000:00:16.7:   bridge window [mem 0xfb700000-0xfb7fffff]
[    1.360346] pci 0000:00:16.7:   bridge window [mem 0xe5d00000-0xe5dfffff 64bit pref]
[    1.394440] pci 0000:00:17.0: PCI bridge to [bus 13]
[    1.394440] pci 0000:00:17.0:   bridge window [io  0x6000-0x6fff]
[    1.394440] pci 0000:00:17.0:   bridge window [mem 0xfd200000-0xfd2fffff]
[    1.394440] pci 0000:00:17.0:   bridge window [mem 0xe7800000-0xe78fffff 64bit pref]
[    1.424140] pci 0000:00:17.1: PCI bridge to [bus 14]
[    1.424165] pci 0000:00:17.1:   bridge window [io  0xa000-0xafff]
[    1.424188] pci 0000:00:17.1:   bridge window [mem 0xfce00000-0xfcefffff]
[    1.424233] pci 0000:00:17.1:   bridge window [mem 0xe7400000-0xe74fffff 64bit pref]
[    1.458440] pci 0000:00:17.2: PCI bridge to [bus 15]
[    1.458440] pci 0000:00:17.2:   bridge window [io  0xe000-0xefff]
[    1.458440] pci 0000:00:17.2:   bridge window [mem 0xfca00000-0xfcafffff]
[    1.458440] pci 0000:00:17.2:   bridge window [mem 0xe7000000-0xe70fffff 64bit pref]
[    1.490401] pci 0000:00:17.3: PCI bridge to [bus 16]
[    1.490500] pci 0000:00:17.3:   bridge window [mem 0xfc600000-0xfc6fffff]
[    1.490545] pci 0000:00:17.3:   bridge window [mem 0xe6c00000-0xe6cfffff 64bit pref]
[    1.522440] pci 0000:00:17.4: PCI bridge to [bus 17]
[    1.522440] pci 0000:00:17.4:   bridge window [mem 0xfc200000-0xfc2fffff]
[    1.522440] pci 0000:00:17.4:   bridge window [mem 0xe6800000-0xe68fffff 64bit pref]
[    1.558673] pci 0000:00:17.5: PCI bridge to [bus 18]
[    1.558720] pci 0000:00:17.5:   bridge window [mem 0xfbe00000-0xfbefffff]
[    1.558765] pci 0000:00:17.5:   bridge window [mem 0xe6400000-0xe64fffff 64bit pref]
[    1.593695] pci 0000:00:17.6: PCI bridge to [bus 19]
[    1.593742] pci 0000:00:17.6:   bridge window [mem 0xfba00000-0xfbafffff]
[    1.593787] pci 0000:00:17.6:   bridge window [mem 0xe6000000-0xe60fffff 64bit pref]
[    1.629720] pci 0000:00:17.7: PCI bridge to [bus 1a]
[    1.629767] pci 0000:00:17.7:   bridge window [mem 0xfb600000-0xfb6fffff]
[    1.629812] pci 0000:00:17.7:   bridge window [mem 0xe5c00000-0xe5cfffff 64bit pref]
[    1.664590] pci 0000:00:18.0: PCI bridge to [bus 1b]
[    1.664616] pci 0000:00:18.0:   bridge window [io  0x7000-0x7fff]
[    1.664639] pci 0000:00:18.0:   bridge window [mem 0xfd100000-0xfd1fffff]
[    1.664685] pci 0000:00:18.0:   bridge window [mem 0xe7700000-0xe77fffff 64bit pref]
[    1.696536] pci 0000:00:18.1: PCI bridge to [bus 1c]
[    1.696562] pci 0000:00:18.1:   bridge window [io  0xb000-0xbfff]
[    1.696585] pci 0000:00:18.1:   bridge window [mem 0xfcd00000-0xfcdfffff]
[    1.696629] pci 0000:00:18.1:   bridge window [mem 0xe7300000-0xe73fffff 64bit pref]
[    1.730440] pci 0000:00:18.2: PCI bridge to [bus 1d]
[    1.730440] pci 0000:00:18.2:   bridge window [mem 0xfc900000-0xfc9fffff]
[    1.730440] pci 0000:00:18.2:   bridge window [mem 0xe6f00000-0xe6ffffff 64bit pref]
[    1.764246] pci 0000:00:18.3: PCI bridge to [bus 1e]
[    1.764294] pci 0000:00:18.3:   bridge window [mem 0xfc500000-0xfc5fffff]
[    1.764339] pci 0000:00:18.3:   bridge window [mem 0xe6b00000-0xe6bfffff 64bit pref]
[    1.798440] pci 0000:00:18.4: PCI bridge to [bus 1f]
[    1.798440] pci 0000:00:18.4:   bridge window [mem 0xfc100000-0xfc1fffff]
[    1.798440] pci 0000:00:18.4:   bridge window [mem 0xe6700000-0xe67fffff 64bit pref]
[    1.830440] pci 0000:00:18.5: PCI bridge to [bus 20]
[    1.830440] pci 0000:00:18.5:   bridge window [mem 0xfbd00000-0xfbdfffff]
[    1.830440] pci 0000:00:18.5:   bridge window [mem 0xe6300000-0xe63fffff 64bit pref]
[    1.864504] pci 0000:00:18.6: PCI bridge to [bus 21]
[    1.864552] pci 0000:00:18.6:   bridge window [mem 0xfb900000-0xfb9fffff]
[    1.864597] pci 0000:00:18.6:   bridge window [mem 0xe5f00000-0xe5ffffff 64bit pref]
[    1.897066] pci 0000:00:18.7: PCI bridge to [bus 22]
[    1.897114] pci 0000:00:18.7:   bridge window [mem 0xfb500000-0xfb5fffff]
[    1.897158] pci 0000:00:18.7:   bridge window [mem 0xe5b00000-0xe5bfffff 64bit pref]
[    1.898440] ACPI: PCI Interrupt Link [LNKA] (IRQs 3 4 5 6 7 *9 10 11 14 15)
[    1.898440] ACPI: PCI Interrupt Link [LNKB] (IRQs 3 4 5 6 7 9 10 *11 14 15)
[    1.898440] ACPI: PCI Interrupt Link [LNKC] (IRQs 3 4 5 6 7 9 *10 11 14 15)
[    1.898440] ACPI: PCI Interrupt Link [LNKD] (IRQs 3 4 5 6 *7 9 10 11 14 15)
[    1.926471] iommu: Default domain type: Translated 
[    1.926579] pci 0000:00:0f.0: vgaarb: setting as boot VGA device
[    1.926579] pci 0000:00:0f.0: vgaarb: VGA device added: decodes=io+mem,owns=io+mem,locks=none
[    1.926579] pci 0000:00:0f.0: vgaarb: bridge control possible
[    1.926579] vgaarb: loaded
[    1.926807] SCSI subsystem initialized
[    1.926920] libata version 3.00 loaded.
[    1.926920] ACPI: bus type USB registered
[    1.926920] usbcore: registered new interface driver usbfs
[    1.926920] usbcore: registered new interface driver hub
[    1.926920] usbcore: registered new device driver usb
[    1.926920] pps_core: LinuxPPS API ver. 1 registered
[    1.926920] pps_core: Software ver. 5.3.6 - Copyright 2005-2007 Rodolfo Giometti <giometti@linux.it>
[    1.926920] PTP clock support registered
[    1.926920] EDAC MC: Ver: 3.0.0
[    1.930638] NetLabel: Initializing
[    1.930639] NetLabel:  domain hash size = 128
[    1.930639] NetLabel:  protocols = UNLABELED CIPSOv4 CALIPSO
[    1.930659] NetLabel:  unlabeled traffic allowed by default
[    1.930680] PCI: Using ACPI for IRQ routing
[    2.094397] PCI: pci_cache_line_size set to 64 bytes
[    2.094440] e820: reserve RAM buffer [mem 0x0009e800-0x0009ffff]
[    2.094440] e820: reserve RAM buffer [mem 0xbfed0000-0xbfffffff]
[    2.096278] hpet0: at MMIO 0xfed00000, IRQs 2, 8, 0, 0, 0, 0, 0, 0, 0, 0, 0, 0, 0, 0, 0, 0
[    2.096281] hpet0: 16 comparators, 64-bit 14.318180 MHz counter
[    2.098629] clocksource: Switched to clocksource tsc-early
[    2.138006] VFS: Disk quotas dquot_6.6.0
[    2.138109] VFS: Dquot-cache hash table entries: 512 (order 0, 4096 bytes)
[    2.138403] AppArmor: AppArmor Filesystem Enabled
[    2.138445] pnp: PnP ACPI init
[    2.138610] system 00:00: [io  0x1000-0x103f] has been reserved
[    2.138610] system 00:00: [io  0x1040-0x104f] has been reserved
[    2.138612] system 00:00: [io  0x0cf0-0x0cf1] has been reserved
[    2.138615] system 00:00: Plug and Play ACPI device, IDs PNP0c02 (active)
[    2.138630] pnp 00:01: Plug and Play ACPI device, IDs PNP0b00 (active)
[    2.138668] pnp 00:02: Plug and Play ACPI device, IDs PNP0303 (active)
[    2.138680] pnp 00:03: Plug and Play ACPI device, IDs VMW0003 PNP0f13 (active)
[    2.138877] system 00:04: [mem 0xfed00000-0xfed003ff] has been reserved
[    2.138880] system 00:04: Plug and Play ACPI device, IDs PNP0103 PNP0c01 (active)
[    2.140360] pnp 00:05: Plug and Play ACPI device, IDs PNP0501 (active)
[    2.140719] system 00:06: [io  0xfce0-0xfcff] has been reserved
[    2.140720] system 00:06: [mem 0xf0000000-0xf7ffffff] has been reserved
[    2.140721] system 00:06: [mem 0xfe800000-0xfe9fffff] has been reserved
[    2.140723] system 00:06: Plug and Play ACPI device, IDs PNP0c02 (active)
[    2.170684] pnp: PnP ACPI: found 7 devices
[    2.188016] clocksource: acpi_pm: mask: 0xffffff max_cycles: 0xffffff, max_idle_ns: 2085701024 ns
[    2.188016] NET: Registered protocol family 2
[    2.194800] tcp_listen_portaddr_hash hash table entries: 2048 (order: 3, 32768 bytes, linear)
[    2.195453] TCP established hash table entries: 32768 (order: 6, 262144 bytes, linear)
[    2.196783] TCP bind hash table entries: 32768 (order: 7, 524288 bytes, linear)
[    2.196802] TCP: Hash tables configured (established 32768 bind 32768)
[    2.198393] UDP hash table entries: 2048 (order: 4, 65536 bytes, linear)
[    2.198660] UDP-Lite hash table entries: 2048 (order: 4, 65536 bytes, linear)
[    2.199391] NET: Registered protocol family 1
[    2.199393] NET: Registered protocol family 44
[    2.199407] pci 0000:00:15.3: bridge window [io  0x1000-0x0fff] to [bus 06] add_size 1000
[    2.199408] pci 0000:00:15.4: bridge window [io  0x1000-0x0fff] to [bus 07] add_size 1000
[    2.199409] pci 0000:00:15.5: bridge window [io  0x1000-0x0fff] to [bus 08] add_size 1000
[    2.199409] pci 0000:00:15.6: bridge window [io  0x1000-0x0fff] to [bus 09] add_size 1000
[    2.199410] pci 0000:00:15.7: bridge window [io  0x1000-0x0fff] to [bus 0a] add_size 1000
[    2.199411] pci 0000:00:16.3: bridge window [io  0x1000-0x0fff] to [bus 0e] add_size 1000
[    2.199411] pci 0000:00:16.4: bridge window [io  0x1000-0x0fff] to [bus 0f] add_size 1000
[    2.199412] pci 0000:00:16.5: bridge window [io  0x1000-0x0fff] to [bus 10] add_size 1000
[    2.199413] pci 0000:00:16.6: bridge window [io  0x1000-0x0fff] to [bus 11] add_size 1000
[    2.199414] pci 0000:00:16.7: bridge window [io  0x1000-0x0fff] to [bus 12] add_size 1000
[    2.199414] pci 0000:00:17.3: bridge window [io  0x1000-0x0fff] to [bus 16] add_size 1000
[    2.199415] pci 0000:00:17.4: bridge window [io  0x1000-0x0fff] to [bus 17] add_size 1000
[    2.199416] pci 0000:00:17.5: bridge window [io  0x1000-0x0fff] to [bus 18] add_size 1000
[    2.199416] pci 0000:00:17.6: bridge window [io  0x1000-0x0fff] to [bus 19] add_size 1000
[    2.199417] pci 0000:00:17.7: bridge window [io  0x1000-0x0fff] to [bus 1a] add_size 1000
[    2.199418] pci 0000:00:18.2: bridge window [io  0x1000-0x0fff] to [bus 1d] add_size 1000
[    2.199419] pci 0000:00:18.3: bridge window [io  0x1000-0x0fff] to [bus 1e] add_size 1000
[    2.199419] pci 0000:00:18.4: bridge window [io  0x1000-0x0fff] to [bus 1f] add_size 1000
[    2.199420] pci 0000:00:18.5: bridge window [io  0x1000-0x0fff] to [bus 20] add_size 1000
[    2.199420] pci 0000:00:18.6: bridge window [io  0x1000-0x0fff] to [bus 21] add_size 1000
[    2.199421] pci 0000:00:18.7: bridge window [io  0x1000-0x0fff] to [bus 22] add_size 1000
[    2.199445] pci 0000:00:0f.0: BAR 6: assigned [mem 0xc0000000-0xc0007fff pref]
[    2.199447] pci 0000:00:10.0: BAR 6: assigned [mem 0xc0008000-0xc000bfff pref]
[    2.199449] pci 0000:00:15.3: BAR 13: no space for [io  size 0x1000]
[    2.199449] pci 0000:00:15.3: BAR 13: failed to assign [io  size 0x1000]
[    2.199451] pci 0000:00:15.4: BAR 13: no space for [io  size 0x1000]
[    2.199451] pci 0000:00:15.4: BAR 13: failed to assign [io  size 0x1000]
[    2.199452] pci 0000:00:15.5: BAR 13: no space for [io  size 0x1000]
[    2.199452] pci 0000:00:15.5: BAR 13: failed to assign [io  size 0x1000]
[    2.199453] pci 0000:00:15.6: BAR 13: no space for [io  size 0x1000]
[    2.199454] pci 0000:00:15.6: BAR 13: failed to assign [io  size 0x1000]
[    2.199455] pci 0000:00:15.7: BAR 13: no space for [io  size 0x1000]
[    2.199455] pci 0000:00:15.7: BAR 13: failed to assign [io  size 0x1000]
[    2.199456] pci 0000:00:16.3: BAR 13: no space for [io  size 0x1000]
[    2.199456] pci 0000:00:16.3: BAR 13: failed to assign [io  size 0x1000]
[    2.199457] pci 0000:00:16.4: BAR 13: no space for [io  size 0x1000]
[    2.199458] pci 0000:00:16.4: BAR 13: failed to assign [io  size 0x1000]
[    2.199458] pci 0000:00:16.5: BAR 13: no space for [io  size 0x1000]
[    2.199459] pci 0000:00:16.5: BAR 13: failed to assign [io  size 0x1000]
[    2.199460] pci 0000:00:16.6: BAR 13: no space for [io  size 0x1000]
[    2.199460] pci 0000:00:16.6: BAR 13: failed to assign [io  size 0x1000]
[    2.199461] pci 0000:00:16.7: BAR 13: no space for [io  size 0x1000]
[    2.199461] pci 0000:00:16.7: BAR 13: failed to assign [io  size 0x1000]
[    2.199462] pci 0000:00:17.3: BAR 13: no space for [io  size 0x1000]
[    2.199463] pci 0000:00:17.3: BAR 13: failed to assign [io  size 0x1000]
[    2.199464] pci 0000:00:17.4: BAR 13: no space for [io  size 0x1000]
[    2.199464] pci 0000:00:17.4: BAR 13: failed to assign [io  size 0x1000]
[    2.199465] pci 0000:00:17.5: BAR 13: no space for [io  size 0x1000]
[    2.199465] pci 0000:00:17.5: BAR 13: failed to assign [io  size 0x1000]
[    2.199466] pci 0000:00:17.6: BAR 13: no space for [io  size 0x1000]
[    2.199467] pci 0000:00:17.6: BAR 13: failed to assign [io  size 0x1000]
[    2.199468] pci 0000:00:17.7: BAR 13: no space for [io  size 0x1000]
[    2.199468] pci 0000:00:17.7: BAR 13: failed to assign [io  size 0x1000]
[    2.199469] pci 0000:00:18.2: BAR 13: no space for [io  size 0x1000]
[    2.199469] pci 0000:00:18.2: BAR 13: failed to assign [io  size 0x1000]
[    2.199484] pci 0000:00:18.3: BAR 13: no space for [io  size 0x1000]
[    2.199484] pci 0000:00:18.3: BAR 13: failed to assign [io  size 0x1000]
[    2.199485] pci 0000:00:18.4: BAR 13: no space for [io  size 0x1000]
[    2.199486] pci 0000:00:18.4: BAR 13: failed to assign [io  size 0x1000]
[    2.199486] pci 0000:00:18.5: BAR 13: no space for [io  size 0x1000]
[    2.199487] pci 0000:00:18.5: BAR 13: failed to assign [io  size 0x1000]
[    2.199488] pci 0000:00:18.6: BAR 13: no space for [io  size 0x1000]
[    2.199488] pci 0000:00:18.6: BAR 13: failed to assign [io  size 0x1000]
[    2.199489] pci 0000:00:18.7: BAR 13: no space for [io  size 0x1000]
[    2.199489] pci 0000:00:18.7: BAR 13: failed to assign [io  size 0x1000]
[    2.199492] pci 0000:00:18.7: BAR 13: no space for [io  size 0x1000]
[    2.199492] pci 0000:00:18.7: BAR 13: failed to assign [io  size 0x1000]
[    2.199493] pci 0000:00:18.6: BAR 13: no space for [io  size 0x1000]
[    2.199494] pci 0000:00:18.6: BAR 13: failed to assign [io  size 0x1000]
[    2.199495] pci 0000:00:18.5: BAR 13: no space for [io  size 0x1000]
[    2.199495] pci 0000:00:18.5: BAR 13: failed to assign [io  size 0x1000]
[    2.199496] pci 0000:00:18.4: BAR 13: no space for [io  size 0x1000]
[    2.199496] pci 0000:00:18.4: BAR 13: failed to assign [io  size 0x1000]
[    2.199497] pci 0000:00:18.3: BAR 13: no space for [io  size 0x1000]
[    2.199498] pci 0000:00:18.3: BAR 13: failed to assign [io  size 0x1000]
[    2.199499] pci 0000:00:18.2: BAR 13: no space for [io  size 0x1000]
[    2.199499] pci 0000:00:18.2: BAR 13: failed to assign [io  size 0x1000]
[    2.199500] pci 0000:00:17.7: BAR 13: no space for [io  size 0x1000]
[    2.199500] pci 0000:00:17.7: BAR 13: failed to assign [io  size 0x1000]
[    2.199501] pci 0000:00:17.6: BAR 13: no space for [io  size 0x1000]
[    2.199502] pci 0000:00:17.6: BAR 13: failed to assign [io  size 0x1000]
[    2.199502] pci 0000:00:17.5: BAR 13: no space for [io  size 0x1000]
[    2.199503] pci 0000:00:17.5: BAR 13: failed to assign [io  size 0x1000]
[    2.199504] pci 0000:00:17.4: BAR 13: no space for [io  size 0x1000]
[    2.199504] pci 0000:00:17.4: BAR 13: failed to assign [io  size 0x1000]
[    2.199505] pci 0000:00:17.3: BAR 13: no space for [io  size 0x1000]
[    2.199505] pci 0000:00:17.3: BAR 13: failed to assign [io  size 0x1000]
[    2.199506] pci 0000:00:16.7: BAR 13: no space for [io  size 0x1000]
[    2.199507] pci 0000:00:16.7: BAR 13: failed to assign [io  size 0x1000]
[    2.199508] pci 0000:00:16.6: BAR 13: no space for [io  size 0x1000]
[    2.199508] pci 0000:00:16.6: BAR 13: failed to assign [io  size 0x1000]
[    2.199509] pci 0000:00:16.5: BAR 13: no space for [io  size 0x1000]
[    2.199509] pci 0000:00:16.5: BAR 13: failed to assign [io  size 0x1000]
[    2.199510] pci 0000:00:16.4: BAR 13: no space for [io  size 0x1000]
[    2.199511] pci 0000:00:16.4: BAR 13: failed to assign [io  size 0x1000]
[    2.199512] pci 0000:00:16.3: BAR 13: no space for [io  size 0x1000]
[    2.199512] pci 0000:00:16.3: BAR 13: failed to assign [io  size 0x1000]
[    2.199513] pci 0000:00:15.7: BAR 13: no space for [io  size 0x1000]
[    2.199513] pci 0000:00:15.7: BAR 13: failed to assign [io  size 0x1000]
[    2.199514] pci 0000:00:15.6: BAR 13: no space for [io  size 0x1000]
[    2.199515] pci 0000:00:15.6: BAR 13: failed to assign [io  size 0x1000]
[    2.199515] pci 0000:00:15.5: BAR 13: no space for [io  size 0x1000]
[    2.199516] pci 0000:00:15.5: BAR 13: failed to assign [io  size 0x1000]
[    2.199517] pci 0000:00:15.4: BAR 13: no space for [io  size 0x1000]
[    2.199517] pci 0000:00:15.4: BAR 13: failed to assign [io  size 0x1000]
[    2.199518] pci 0000:00:15.3: BAR 13: no space for [io  size 0x1000]
[    2.199518] pci 0000:00:15.3: BAR 13: failed to assign [io  size 0x1000]
[    2.199520] pci 0000:00:01.0: PCI bridge to [bus 01]
[    2.199681] pci 0000:02:01.0: BAR 6: assigned [mem 0xfd500000-0xfd50ffff pref]
[    2.199682] pci 0000:02:05.0: BAR 6: assigned [mem 0xfd510000-0xfd51ffff pref]
[    2.199683] pci 0000:00:11.0: PCI bridge to [bus 02]
[    2.199702] pci 0000:00:11.0:   bridge window [io  0x2000-0x3fff]
[    2.199750] pci 0000:00:11.0:   bridge window [mem 0xfd500000-0xfdffffff]
[    2.199773] pci 0000:00:11.0:   bridge window [mem 0xe7b00000-0xe7ffffff 64bit pref]
[    2.199820] pci 0000:00:15.0: PCI bridge to [bus 03]
[    2.199837] pci 0000:00:15.0:   bridge window [io  0x4000-0x4fff]
[    2.199871] pci 0000:00:15.0:   bridge window [mem 0xfd400000-0xfd4fffff]
[    2.199894] pci 0000:00:15.0:   bridge window [mem 0xe7a00000-0xe7afffff 64bit pref]
[    2.199967] pci 0000:00:15.1: PCI bridge to [bus 04]
[    2.200005] pci 0000:00:15.1:   bridge window [io  0x8000-0x8fff]
[    2.200040] pci 0000:00:15.1:   bridge window [mem 0xfd000000-0xfd0fffff]
[    2.200063] pci 0000:00:15.1:   bridge window [mem 0xe7600000-0xe76fffff 64bit pref]
[    2.200121] pci 0000:00:15.2: PCI bridge to [bus 05]
[    2.200143] pci 0000:00:15.2:   bridge window [io  0xc000-0xcfff]
[    2.200195] pci 0000:00:15.2:   bridge window [mem 0xfcc00000-0xfccfffff]
[    2.200218] pci 0000:00:15.2:   bridge window [mem 0xe7200000-0xe72fffff 64bit pref]
[    2.200276] pci 0000:00:15.3: PCI bridge to [bus 06]
[    2.200328] pci 0000:00:15.3:   bridge window [mem 0xfc800000-0xfc8fffff]
[    2.200352] pci 0000:00:15.3:   bridge window [mem 0xe6e00000-0xe6efffff 64bit pref]
[    2.200416] pci 0000:00:15.4: PCI bridge to [bus 07]
[    2.200452] pci 0000:00:15.4:   bridge window [mem 0xfc400000-0xfc4fffff]
[    2.200476] pci 0000:00:15.4:   bridge window [mem 0xe6a00000-0xe6afffff 64bit pref]
[    2.200535] pci 0000:00:15.5: PCI bridge to [bus 08]
[    2.200570] pci 0000:00:15.5:   bridge window [mem 0xfc000000-0xfc0fffff]
[    2.200594] pci 0000:00:15.5:   bridge window [mem 0xe6600000-0xe66fffff 64bit pref]
[    2.200651] pci 0000:00:15.6: PCI bridge to [bus 09]
[    2.200687] pci 0000:00:15.6:   bridge window [mem 0xfbc00000-0xfbcfffff]
[    2.200710] pci 0000:00:15.6:   bridge window [mem 0xe6200000-0xe62fffff 64bit pref]
[    2.200768] pci 0000:00:15.7: PCI bridge to [bus 0a]
[    2.200804] pci 0000:00:15.7:   bridge window [mem 0xfb800000-0xfb8fffff]
[    2.200827] pci 0000:00:15.7:   bridge window [mem 0xe5e00000-0xe5efffff 64bit pref]
[    2.200885] pci 0000:00:16.0: PCI bridge to [bus 0b]
[    2.200915] pci 0000:00:16.0:   bridge window [io  0x5000-0x5fff]
[    2.200950] pci 0000:00:16.0:   bridge window [mem 0xfd300000-0xfd3fffff]
[    2.200974] pci 0000:00:16.0:   bridge window [mem 0xe7900000-0xe79fffff 64bit pref]
[    2.201033] pci 0000:00:16.1: PCI bridge to [bus 0c]
[    2.201049] pci 0000:00:16.1:   bridge window [io  0x9000-0x9fff]
[    2.201085] pci 0000:00:16.1:   bridge window [mem 0xfcf00000-0xfcffffff]
[    2.201108] pci 0000:00:16.1:   bridge window [mem 0xe7500000-0xe75fffff 64bit pref]
[    2.201166] pci 0000:00:16.2: PCI bridge to [bus 0d]
[    2.201182] pci 0000:00:16.2:   bridge window [io  0xd000-0xdfff]
[    2.201218] pci 0000:00:16.2:   bridge window [mem 0xfcb00000-0xfcbfffff]
[    2.201241] pci 0000:00:16.2:   bridge window [mem 0xe7100000-0xe71fffff 64bit pref]
[    2.201310] pci 0000:00:16.3: PCI bridge to [bus 0e]
[    2.201346] pci 0000:00:16.3:   bridge window [mem 0xfc700000-0xfc7fffff]
[    2.201369] pci 0000:00:16.3:   bridge window [mem 0xe6d00000-0xe6dfffff 64bit pref]
[    2.201477] pci 0000:00:16.4: PCI bridge to [bus 0f]
[    2.201512] pci 0000:00:16.4:   bridge window [mem 0xfc300000-0xfc3fffff]
[    2.201536] pci 0000:00:16.4:   bridge window [mem 0xe6900000-0xe69fffff 64bit pref]
[    2.201593] pci 0000:00:16.5: PCI bridge to [bus 10]
[    2.201628] pci 0000:00:16.5:   bridge window [mem 0xfbf00000-0xfbffffff]
[    2.201652] pci 0000:00:16.5:   bridge window [mem 0xe6500000-0xe65fffff 64bit pref]
[    2.201709] pci 0000:00:16.6: PCI bridge to [bus 11]
[    2.201745] pci 0000:00:16.6:   bridge window [mem 0xfbb00000-0xfbbfffff]
[    2.201768] pci 0000:00:16.6:   bridge window [mem 0xe6100000-0xe61fffff 64bit pref]
[    2.201826] pci 0000:00:16.7: PCI bridge to [bus 12]
[    2.201861] pci 0000:00:16.7:   bridge window [mem 0xfb700000-0xfb7fffff]
[    2.201885] pci 0000:00:16.7:   bridge window [mem 0xe5d00000-0xe5dfffff 64bit pref]
[    2.201942] pci 0000:00:17.0: PCI bridge to [bus 13]
[    2.201958] pci 0000:00:17.0:   bridge window [io  0x6000-0x6fff]
[    2.201994] pci 0000:00:17.0:   bridge window [mem 0xfd200000-0xfd2fffff]
[    2.202017] pci 0000:00:17.0:   bridge window [mem 0xe7800000-0xe78fffff 64bit pref]
[    2.202076] pci 0000:00:17.1: PCI bridge to [bus 14]
[    2.202091] pci 0000:00:17.1:   bridge window [io  0xa000-0xafff]
[    2.202127] pci 0000:00:17.1:   bridge window [mem 0xfce00000-0xfcefffff]
[    2.202151] pci 0000:00:17.1:   bridge window [mem 0xe7400000-0xe74fffff 64bit pref]
[    2.202209] pci 0000:00:17.2: PCI bridge to [bus 15]
[    2.202224] pci 0000:00:17.2:   bridge window [io  0xe000-0xefff]
[    2.202260] pci 0000:00:17.2:   bridge window [mem 0xfca00000-0xfcafffff]
[    2.202291] pci 0000:00:17.2:   bridge window [mem 0xe7000000-0xe70fffff 64bit pref]
[    2.202350] pci 0000:00:17.3: PCI bridge to [bus 16]
[    2.202385] pci 0000:00:17.3:   bridge window [mem 0xfc600000-0xfc6fffff]
[    2.202409] pci 0000:00:17.3:   bridge window [mem 0xe6c00000-0xe6cfffff 64bit pref]
[    2.202467] pci 0000:00:17.4: PCI bridge to [bus 17]
[    2.202502] pci 0000:00:17.4:   bridge window [mem 0xfc200000-0xfc2fffff]
[    2.202526] pci 0000:00:17.4:   bridge window [mem 0xe6800000-0xe68fffff 64bit pref]
[    2.202583] pci 0000:00:17.5: PCI bridge to [bus 18]
[    2.202619] pci 0000:00:17.5:   bridge window [mem 0xfbe00000-0xfbefffff]
[    2.202642] pci 0000:00:17.5:   bridge window [mem 0xe6400000-0xe64fffff 64bit pref]
[    2.202701] pci 0000:00:17.6: PCI bridge to [bus 19]
[    2.202736] pci 0000:00:17.6:   bridge window [mem 0xfba00000-0xfbafffff]
[    2.202759] pci 0000:00:17.6:   bridge window [mem 0xe6000000-0xe60fffff 64bit pref]
[    2.202816] pci 0000:00:17.7: PCI bridge to [bus 1a]
[    2.202852] pci 0000:00:17.7:   bridge window [mem 0xfb600000-0xfb6fffff]
[    2.202875] pci 0000:00:17.7:   bridge window [mem 0xe5c00000-0xe5cfffff 64bit pref]
[    2.202933] pci 0000:00:18.0: PCI bridge to [bus 1b]
[    2.202949] pci 0000:00:18.0:   bridge window [io  0x7000-0x7fff]
[    2.202985] pci 0000:00:18.0:   bridge window [mem 0xfd100000-0xfd1fffff]
[    2.203009] pci 0000:00:18.0:   bridge window [mem 0xe7700000-0xe77fffff 64bit pref]
[    2.203067] pci 0000:00:18.1: PCI bridge to [bus 1c]
[    2.203082] pci 0000:00:18.1:   bridge window [io  0xb000-0xbfff]
[    2.203119] pci 0000:00:18.1:   bridge window [mem 0xfcd00000-0xfcdfffff]
[    2.203142] pci 0000:00:18.1:   bridge window [mem 0xe7300000-0xe73fffff 64bit pref]
[    2.203201] pci 0000:00:18.2: PCI bridge to [bus 1d]
[    2.203236] pci 0000:00:18.2:   bridge window [mem 0xfc900000-0xfc9fffff]
[    2.203259] pci 0000:00:18.2:   bridge window [mem 0xe6f00000-0xe6ffffff 64bit pref]
[    2.203321] pci 0000:00:18.3: PCI bridge to [bus 1e]
[    2.203356] pci 0000:00:18.3:   bridge window [mem 0xfc500000-0xfc5fffff]
[    2.203380] pci 0000:00:18.3:   bridge window [mem 0xe6b00000-0xe6bfffff 64bit pref]
[    2.203438] pci 0000:00:18.4: PCI bridge to [bus 1f]
[    2.203474] pci 0000:00:18.4:   bridge window [mem 0xfc100000-0xfc1fffff]
[    2.203497] pci 0000:00:18.4:   bridge window [mem 0xe6700000-0xe67fffff 64bit pref]
[    2.203556] pci 0000:00:18.5: PCI bridge to [bus 20]
[    2.203591] pci 0000:00:18.5:   bridge window [mem 0xfbd00000-0xfbdfffff]
[    2.203615] pci 0000:00:18.5:   bridge window [mem 0xe6300000-0xe63fffff 64bit pref]
[    2.203673] pci 0000:00:18.6: PCI bridge to [bus 21]
[    2.203708] pci 0000:00:18.6:   bridge window [mem 0xfb900000-0xfb9fffff]
[    2.203731] pci 0000:00:18.6:   bridge window [mem 0xe5f00000-0xe5ffffff 64bit pref]
[    2.203790] pci 0000:00:18.7: PCI bridge to [bus 22]
[    2.203826] pci 0000:00:18.7:   bridge window [mem 0xfb500000-0xfb5fffff]
[    2.203849] pci 0000:00:18.7:   bridge window [mem 0xe5b00000-0xe5bfffff 64bit pref]
[    2.203908] pci_bus 0000:00: resource 4 [mem 0x000a0000-0x000bffff window]
[    2.203908] pci_bus 0000:00: resource 5 [mem 0x000d0000-0x000d3fff window]
[    2.203909] pci_bus 0000:00: resource 6 [mem 0x000d4000-0x000d7fff window]
[    2.203909] pci_bus 0000:00: resource 7 [mem 0x000d8000-0x000dbfff window]
[    2.203910] pci_bus 0000:00: resource 8 [mem 0xc0000000-0xfebfffff window]
[    2.203910] pci_bus 0000:00: resource 9 [io  0x0000-0x0cf7 window]
[    2.203911] pci_bus 0000:00: resource 10 [io  0x0d00-0xfeff window]
[    2.203912] pci_bus 0000:02: resource 0 [io  0x2000-0x3fff]
[    2.203912] pci_bus 0000:02: resource 1 [mem 0xfd500000-0xfdffffff]
[    2.203913] pci_bus 0000:02: resource 2 [mem 0xe7b00000-0xe7ffffff 64bit pref]
[    2.203913] pci_bus 0000:02: resource 4 [mem 0x000a0000-0x000bffff window]
[    2.203914] pci_bus 0000:02: resource 5 [mem 0x000d0000-0x000d3fff window]
[    2.203914] pci_bus 0000:02: resource 6 [mem 0x000d4000-0x000d7fff window]
[    2.203914] pci_bus 0000:02: resource 7 [mem 0x000d8000-0x000dbfff window]
[    2.203915] pci_bus 0000:02: resource 8 [mem 0xc0000000-0xfebfffff window]
[    2.203915] pci_bus 0000:02: resource 9 [io  0x0000-0x0cf7 window]
[    2.203916] pci_bus 0000:02: resource 10 [io  0x0d00-0xfeff window]
[    2.203916] pci_bus 0000:03: resource 0 [io  0x4000-0x4fff]
[    2.203917] pci_bus 0000:03: resource 1 [mem 0xfd400000-0xfd4fffff]
[    2.203917] pci_bus 0000:03: resource 2 [mem 0xe7a00000-0xe7afffff 64bit pref]
[    2.203918] pci_bus 0000:04: resource 0 [io  0x8000-0x8fff]
[    2.203918] pci_bus 0000:04: resource 1 [mem 0xfd000000-0xfd0fffff]
[    2.203919] pci_bus 0000:04: resource 2 [mem 0xe7600000-0xe76fffff 64bit pref]
[    2.203919] pci_bus 0000:05: resource 0 [io  0xc000-0xcfff]
[    2.203920] pci_bus 0000:05: resource 1 [mem 0xfcc00000-0xfccfffff]
[    2.203920] pci_bus 0000:05: resource 2 [mem 0xe7200000-0xe72fffff 64bit pref]
[    2.203921] pci_bus 0000:06: resource 1 [mem 0xfc800000-0xfc8fffff]
[    2.203921] pci_bus 0000:06: resource 2 [mem 0xe6e00000-0xe6efffff 64bit pref]
[    2.203922] pci_bus 0000:07: resource 1 [mem 0xfc400000-0xfc4fffff]
[    2.203922] pci_bus 0000:07: resource 2 [mem 0xe6a00000-0xe6afffff 64bit pref]
[    2.203923] pci_bus 0000:08: resource 1 [mem 0xfc000000-0xfc0fffff]
[    2.203923] pci_bus 0000:08: resource 2 [mem 0xe6600000-0xe66fffff 64bit pref]
[    2.203924] pci_bus 0000:09: resource 1 [mem 0xfbc00000-0xfbcfffff]
[    2.203924] pci_bus 0000:09: resource 2 [mem 0xe6200000-0xe62fffff 64bit pref]
[    2.203925] pci_bus 0000:0a: resource 1 [mem 0xfb800000-0xfb8fffff]
[    2.203925] pci_bus 0000:0a: resource 2 [mem 0xe5e00000-0xe5efffff 64bit pref]
[    2.203925] pci_bus 0000:0b: resource 0 [io  0x5000-0x5fff]
[    2.203926] pci_bus 0000:0b: resource 1 [mem 0xfd300000-0xfd3fffff]
[    2.203926] pci_bus 0000:0b: resource 2 [mem 0xe7900000-0xe79fffff 64bit pref]
[    2.203927] pci_bus 0000:0c: resource 0 [io  0x9000-0x9fff]
[    2.203927] pci_bus 0000:0c: resource 1 [mem 0xfcf00000-0xfcffffff]
[    2.203928] pci_bus 0000:0c: resource 2 [mem 0xe7500000-0xe75fffff 64bit pref]
[    2.203928] pci_bus 0000:0d: resource 0 [io  0xd000-0xdfff]
[    2.203929] pci_bus 0000:0d: resource 1 [mem 0xfcb00000-0xfcbfffff]
[    2.203929] pci_bus 0000:0d: resource 2 [mem 0xe7100000-0xe71fffff 64bit pref]
[    2.203930] pci_bus 0000:0e: resource 1 [mem 0xfc700000-0xfc7fffff]
[    2.203930] pci_bus 0000:0e: resource 2 [mem 0xe6d00000-0xe6dfffff 64bit pref]
[    2.203930] pci_bus 0000:0f: resource 1 [mem 0xfc300000-0xfc3fffff]
[    2.203931] pci_bus 0000:0f: resource 2 [mem 0xe6900000-0xe69fffff 64bit pref]
[    2.203931] pci_bus 0000:10: resource 1 [mem 0xfbf00000-0xfbffffff]
[    2.203932] pci_bus 0000:10: resource 2 [mem 0xe6500000-0xe65fffff 64bit pref]
[    2.203932] pci_bus 0000:11: resource 1 [mem 0xfbb00000-0xfbbfffff]
[    2.203933] pci_bus 0000:11: resource 2 [mem 0xe6100000-0xe61fffff 64bit pref]
[    2.203933] pci_bus 0000:12: resource 1 [mem 0xfb700000-0xfb7fffff]
[    2.203934] pci_bus 0000:12: resource 2 [mem 0xe5d00000-0xe5dfffff 64bit pref]
[    2.203934] pci_bus 0000:13: resource 0 [io  0x6000-0x6fff]
[    2.203935] pci_bus 0000:13: resource 1 [mem 0xfd200000-0xfd2fffff]
[    2.203935] pci_bus 0000:13: resource 2 [mem 0xe7800000-0xe78fffff 64bit pref]
[    2.203936] pci_bus 0000:14: resource 0 [io  0xa000-0xafff]
[    2.203936] pci_bus 0000:14: resource 1 [mem 0xfce00000-0xfcefffff]
[    2.203937] pci_bus 0000:14: resource 2 [mem 0xe7400000-0xe74fffff 64bit pref]
[    2.203937] pci_bus 0000:15: resource 0 [io  0xe000-0xefff]
[    2.203937] pci_bus 0000:15: resource 1 [mem 0xfca00000-0xfcafffff]
[    2.203938] pci_bus 0000:15: resource 2 [mem 0xe7000000-0xe70fffff 64bit pref]
[    2.203938] pci_bus 0000:16: resource 1 [mem 0xfc600000-0xfc6fffff]
[    2.203939] pci_bus 0000:16: resource 2 [mem 0xe6c00000-0xe6cfffff 64bit pref]
[    2.203939] pci_bus 0000:17: resource 1 [mem 0xfc200000-0xfc2fffff]
[    2.203940] pci_bus 0000:17: resource 2 [mem 0xe6800000-0xe68fffff 64bit pref]
[    2.203940] pci_bus 0000:18: resource 1 [mem 0xfbe00000-0xfbefffff]
[    2.203941] pci_bus 0000:18: resource 2 [mem 0xe6400000-0xe64fffff 64bit pref]
[    2.203941] pci_bus 0000:19: resource 1 [mem 0xfba00000-0xfbafffff]
[    2.203942] pci_bus 0000:19: resource 2 [mem 0xe6000000-0xe60fffff 64bit pref]
[    2.203942] pci_bus 0000:1a: resource 1 [mem 0xfb600000-0xfb6fffff]
[    2.203943] pci_bus 0000:1a: resource 2 [mem 0xe5c00000-0xe5cfffff 64bit pref]
[    2.203943] pci_bus 0000:1b: resource 0 [io  0x7000-0x7fff]
[    2.203943] pci_bus 0000:1b: resource 1 [mem 0xfd100000-0xfd1fffff]
[    2.203944] pci_bus 0000:1b: resource 2 [mem 0xe7700000-0xe77fffff 64bit pref]
[    2.203944] pci_bus 0000:1c: resource 0 [io  0xb000-0xbfff]
[    2.203945] pci_bus 0000:1c: resource 1 [mem 0xfcd00000-0xfcdfffff]
[    2.203945] pci_bus 0000:1c: resource 2 [mem 0xe7300000-0xe73fffff 64bit pref]
[    2.203946] pci_bus 0000:1d: resource 1 [mem 0xfc900000-0xfc9fffff]
[    2.203946] pci_bus 0000:1d: resource 2 [mem 0xe6f00000-0xe6ffffff 64bit pref]
[    2.203947] pci_bus 0000:1e: resource 1 [mem 0xfc500000-0xfc5fffff]
[    2.203947] pci_bus 0000:1e: resource 2 [mem 0xe6b00000-0xe6bfffff 64bit pref]
[    2.203948] pci_bus 0000:1f: resource 1 [mem 0xfc100000-0xfc1fffff]
[    2.203948] pci_bus 0000:1f: resource 2 [mem 0xe6700000-0xe67fffff 64bit pref]
[    2.203948] pci_bus 0000:20: resource 1 [mem 0xfbd00000-0xfbdfffff]
[    2.203949] pci_bus 0000:20: resource 2 [mem 0xe6300000-0xe63fffff 64bit pref]
[    2.203949] pci_bus 0000:21: resource 1 [mem 0xfb900000-0xfb9fffff]
[    2.203950] pci_bus 0000:21: resource 2 [mem 0xe5f00000-0xe5ffffff 64bit pref]
[    2.203950] pci_bus 0000:22: resource 1 [mem 0xfb500000-0xfb5fffff]
[    2.203951] pci_bus 0000:22: resource 2 [mem 0xe5b00000-0xe5bfffff 64bit pref]
[    2.204109] pci 0000:00:00.0: Limiting direct PCI/PCI transfers
[    2.204253] pci 0000:00:0f.0: Video device with shadowed ROM at [mem 0x000c0000-0x000dffff]
[    2.205700] pci 0000:02:01.0: CLS mismatch (32 != 64), using 64 bytes
[    2.206541] Trying to unpack rootfs image as initramfs...
[    8.037568] Freeing initrd memory: 668604K
[    8.037720] PCI-DMA: Using software bounce buffering for IO (SWIOTLB)
[    8.037721] software IO TLB: mapped [mem 0xbbed0000-0xbfed0000] (64MB)
[    8.037894] check: Scanning for low memory corruption every 60 seconds
[    8.039859] Initialise system trusted keyrings
[    8.039866] Key type blacklist registered
[    8.040250] workingset: timestamp_bits=36 max_order=20 bucket_order=0
[    8.041014] zbud: loaded
[    8.041306] squashfs: version 4.0 (2009/01/31) Phillip Lougher
[    8.041710] fuse: init (API version 7.31)
[    8.042473] integrity: Platform Keyring initialized
[    8.048154] Key type asymmetric registered
[    8.048154] Asymmetric key parser 'x509' registered
[    8.048161] Block layer SCSI generic (bsg) driver version 0.4 loaded (major 244)
[    8.048514] io scheduler mq-deadline registered
[    8.049779] pcieport 0000:00:15.0: PME: Signaling with IRQ 24
[    8.049905] pcieport 0000:00:15.0: pciehp: Slot #160 AttnBtn+ PwrCtrl+ MRL- AttnInd- PwrInd- HotPlug+ Surprise- Interlock- NoCompl+ IbPresDis- LLActRep+
[    8.051373] pcieport 0000:00:15.1: PME: Signaling with IRQ 25
[    8.051473] pcieport 0000:00:15.1: pciehp: Slot #161 AttnBtn+ PwrCtrl+ MRL- AttnInd- PwrInd- HotPlug+ Surprise- Interlock- NoCompl+ IbPresDis- LLActRep+
[    8.052803] pcieport 0000:00:15.2: PME: Signaling with IRQ 26
[    8.052903] pcieport 0000:00:15.2: pciehp: Slot #162 AttnBtn+ PwrCtrl+ MRL- AttnInd- PwrInd- HotPlug+ Surprise- Interlock- NoCompl+ IbPresDis- LLActRep+
[    8.054207] pcieport 0000:00:15.3: PME: Signaling with IRQ 27
[    8.054310] pcieport 0000:00:15.3: pciehp: Slot #163 AttnBtn+ PwrCtrl+ MRL- AttnInd- PwrInd- HotPlug+ Surprise- Interlock- NoCompl+ IbPresDis- LLActRep+
[    8.055772] pcieport 0000:00:15.4: PME: Signaling with IRQ 28
[    8.055876] pcieport 0000:00:15.4: pciehp: Slot #164 AttnBtn+ PwrCtrl+ MRL- AttnInd- PwrInd- HotPlug+ Surprise- Interlock- NoCompl+ IbPresDis- LLActRep+
[    8.057186] pcieport 0000:00:15.5: PME: Signaling with IRQ 29
[    8.057286] pcieport 0000:00:15.5: pciehp: Slot #165 AttnBtn+ PwrCtrl+ MRL- AttnInd- PwrInd- HotPlug+ Surprise- Interlock- NoCompl+ IbPresDis- LLActRep+
[    8.058613] pcieport 0000:00:15.6: PME: Signaling with IRQ 30
[    8.058713] pcieport 0000:00:15.6: pciehp: Slot #166 AttnBtn+ PwrCtrl+ MRL- AttnInd- PwrInd- HotPlug+ Surprise- Interlock- NoCompl+ IbPresDis- LLActRep+
[    8.060138] pcieport 0000:00:15.7: PME: Signaling with IRQ 31
[    8.060245] pcieport 0000:00:15.7: pciehp: Slot #167 AttnBtn+ PwrCtrl+ MRL- AttnInd- PwrInd- HotPlug+ Surprise- Interlock- NoCompl+ IbPresDis- LLActRep+
[    8.061579] pcieport 0000:00:16.0: PME: Signaling with IRQ 32
[    8.061677] pcieport 0000:00:16.0: pciehp: Slot #192 AttnBtn+ PwrCtrl+ MRL- AttnInd- PwrInd- HotPlug+ Surprise- Interlock- NoCompl+ IbPresDis- LLActRep+
[    8.062961] pcieport 0000:00:16.1: PME: Signaling with IRQ 33
[    8.063062] pcieport 0000:00:16.1: pciehp: Slot #193 AttnBtn+ PwrCtrl+ MRL- AttnInd- PwrInd- HotPlug+ Surprise- Interlock- NoCompl+ IbPresDis- LLActRep+
[    8.064373] pcieport 0000:00:16.2: PME: Signaling with IRQ 34
[    8.064475] pcieport 0000:00:16.2: pciehp: Slot #194 AttnBtn+ PwrCtrl+ MRL- AttnInd- PwrInd- HotPlug+ Surprise- Interlock- NoCompl+ IbPresDis- LLActRep+
[    8.065730] pcieport 0000:00:16.3: PME: Signaling with IRQ 35
[    8.065832] pcieport 0000:00:16.3: pciehp: Slot #195 AttnBtn+ PwrCtrl+ MRL- AttnInd- PwrInd- HotPlug+ Surprise- Interlock- NoCompl+ IbPresDis- LLActRep+
[    8.067113] pcieport 0000:00:16.4: PME: Signaling with IRQ 36
[    8.067213] pcieport 0000:00:16.4: pciehp: Slot #196 AttnBtn+ PwrCtrl+ MRL- AttnInd- PwrInd- HotPlug+ Surprise- Interlock- NoCompl+ IbPresDis- LLActRep+
[    8.068498] pcieport 0000:00:16.5: PME: Signaling with IRQ 37
[    8.068597] pcieport 0000:00:16.5: pciehp: Slot #197 AttnBtn+ PwrCtrl+ MRL- AttnInd- PwrInd- HotPlug+ Surprise- Interlock- NoCompl+ IbPresDis- LLActRep+
[    8.069851] pcieport 0000:00:16.6: PME: Signaling with IRQ 38
[    8.069951] pcieport 0000:00:16.6: pciehp: Slot #198 AttnBtn+ PwrCtrl+ MRL- AttnInd- PwrInd- HotPlug+ Surprise- Interlock- NoCompl+ IbPresDis- LLActRep+
[    8.071268] pcieport 0000:00:16.7: PME: Signaling with IRQ 39
[    8.071369] pcieport 0000:00:16.7: pciehp: Slot #199 AttnBtn+ PwrCtrl+ MRL- AttnInd- PwrInd- HotPlug+ Surprise- Interlock- NoCompl+ IbPresDis- LLActRep+
[    8.072652] pcieport 0000:00:17.0: PME: Signaling with IRQ 40
[    8.072753] pcieport 0000:00:17.0: pciehp: Slot #224 AttnBtn+ PwrCtrl+ MRL- AttnInd- PwrInd- HotPlug+ Surprise- Interlock- NoCompl+ IbPresDis- LLActRep+
[    8.074127] pcieport 0000:00:17.1: PME: Signaling with IRQ 41
[    8.074227] pcieport 0000:00:17.1: pciehp: Slot #225 AttnBtn+ PwrCtrl+ MRL- AttnInd- PwrInd- HotPlug+ Surprise- Interlock- NoCompl+ IbPresDis- LLActRep+
[    8.075562] pcieport 0000:00:17.2: PME: Signaling with IRQ 42
[    8.075663] pcieport 0000:00:17.2: pciehp: Slot #226 AttnBtn+ PwrCtrl+ MRL- AttnInd- PwrInd- HotPlug+ Surprise- Interlock- NoCompl+ IbPresDis- LLActRep+
[    8.077121] pcieport 0000:00:17.3: PME: Signaling with IRQ 43
[    8.077222] pcieport 0000:00:17.3: pciehp: Slot #227 AttnBtn+ PwrCtrl+ MRL- AttnInd- PwrInd- HotPlug+ Surprise- Interlock- NoCompl+ IbPresDis- LLActRep+
[    8.078546] pcieport 0000:00:17.4: PME: Signaling with IRQ 44
[    8.078648] pcieport 0000:00:17.4: pciehp: Slot #228 AttnBtn+ PwrCtrl+ MRL- AttnInd- PwrInd- HotPlug+ Surprise- Interlock- NoCompl+ IbPresDis- LLActRep+
[    8.080012] pcieport 0000:00:17.5: PME: Signaling with IRQ 45
[    8.080112] pcieport 0000:00:17.5: pciehp: Slot #229 AttnBtn+ PwrCtrl+ MRL- AttnInd- PwrInd- HotPlug+ Surprise- Interlock- NoCompl+ IbPresDis- LLActRep+
[    8.081367] pcieport 0000:00:17.6: PME: Signaling with IRQ 46
[    8.081467] pcieport 0000:00:17.6: pciehp: Slot #230 AttnBtn+ PwrCtrl+ MRL- AttnInd- PwrInd- HotPlug+ Surprise- Interlock- NoCompl+ IbPresDis- LLActRep+
[    8.082711] pcieport 0000:00:17.7: PME: Signaling with IRQ 47
[    8.082810] pcieport 0000:00:17.7: pciehp: Slot #231 AttnBtn+ PwrCtrl+ MRL- AttnInd- PwrInd- HotPlug+ Surprise- Interlock- NoCompl+ IbPresDis- LLActRep+
[    8.084156] pcieport 0000:00:18.0: PME: Signaling with IRQ 48
[    8.084258] pcieport 0000:00:18.0: pciehp: Slot #256 AttnBtn+ PwrCtrl+ MRL- AttnInd- PwrInd- HotPlug+ Surprise- Interlock- NoCompl+ IbPresDis- LLActRep+
[    8.085532] pcieport 0000:00:18.1: PME: Signaling with IRQ 49
[    8.085639] pcieport 0000:00:18.1: pciehp: Slot #257 AttnBtn+ PwrCtrl+ MRL- AttnInd- PwrInd- HotPlug+ Surprise- Interlock- NoCompl+ IbPresDis- LLActRep+
[    8.086933] pcieport 0000:00:18.2: PME: Signaling with IRQ 50
[    8.087085] pcieport 0000:00:18.2: pciehp: Slot #258 AttnBtn+ PwrCtrl+ MRL- AttnInd- PwrInd- HotPlug+ Surprise- Interlock- NoCompl+ IbPresDis- LLActRep+
[    8.088383] pcieport 0000:00:18.3: PME: Signaling with IRQ 51
[    8.088482] pcieport 0000:00:18.3: pciehp: Slot #259 AttnBtn+ PwrCtrl+ MRL- AttnInd- PwrInd- HotPlug+ Surprise- Interlock- NoCompl+ IbPresDis- LLActRep+
[    8.089800] pcieport 0000:00:18.4: PME: Signaling with IRQ 52
[    8.089899] pcieport 0000:00:18.4: pciehp: Slot #260 AttnBtn+ PwrCtrl+ MRL- AttnInd- PwrInd- HotPlug+ Surprise- Interlock- NoCompl+ IbPresDis- LLActRep+
[    8.091188] pcieport 0000:00:18.5: PME: Signaling with IRQ 53
[    8.091290] pcieport 0000:00:18.5: pciehp: Slot #261 AttnBtn+ PwrCtrl+ MRL- AttnInd- PwrInd- HotPlug+ Surprise- Interlock- NoCompl+ IbPresDis- LLActRep+
[    8.092631] pcieport 0000:00:18.6: PME: Signaling with IRQ 54
[    8.092731] pcieport 0000:00:18.6: pciehp: Slot #262 AttnBtn+ PwrCtrl+ MRL- AttnInd- PwrInd- HotPlug+ Surprise- Interlock- NoCompl+ IbPresDis- LLActRep+
[    8.094204] pcieport 0000:00:18.7: PME: Signaling with IRQ 55
[    8.094308] pcieport 0000:00:18.7: pciehp: Slot #263 AttnBtn+ PwrCtrl+ MRL- AttnInd- PwrInd- HotPlug+ Surprise- Interlock- NoCompl+ IbPresDis- LLActRep+
[    8.095242] shpchp: Standard Hot Plug PCI Controller Driver version: 0.4
[    8.095692] ACPI: AC Adapter [ACAD] (on-line)
[    8.095833] input: Power Button as /devices/LNXSYSTM:00/LNXPWRBN:00/input/input0
[    8.095871] ACPI: Power Button [PWRF]
[    8.097531] Serial: 8250/16550 driver, 32 ports, IRQ sharing enabled
[    8.119734] 00:05: ttyS0 at I/O 0x3f8 (irq = 4, base_baud = 115200) is a 16550A
[    8.158991] Linux agpgart interface v0.103
[    8.159069] agpgart-intel 0000:00:00.0: Intel 440BX Chipset
[    8.167134] agpgart-intel 0000:00:00.0: AGP aperture is 256M @ 0x0
[    8.184121] loop: module loaded
[    8.184225] ata_piix 0000:00:07.1: version 2.13
[    8.185388] scsi host0: ata_piix
[    8.186152] scsi host1: ata_piix
[    8.186183] ata1: PATA max UDMA/33 cmd 0x1f0 ctl 0x3f6 bmdma 0x1060 irq 14
[    8.186184] ata2: PATA max UDMA/33 cmd 0x170 ctl 0x376 bmdma 0x1068 irq 15
[    8.186289] libphy: Fixed MDIO Bus: probed
[    8.186290] tun: Universal TUN/TAP device driver, 1.6
[    8.186308] PPP generic driver version 2.4.2
[    8.186331] VFIO - User Level meta-driver version: 0.3
[    8.186645] ehci_hcd: USB 2.0 'Enhanced' Host Controller (EHCI) Driver
[    8.186648] ehci-pci: EHCI PCI platform driver
[    8.187051] ehci-pci 0000:02:03.0: EHCI Host Controller
[    8.187055] ehci-pci 0000:02:03.0: new USB bus registered, assigned bus number 1
[    8.187325] ehci-pci 0000:02:03.0: cache line size of 64 is not supported
[    8.187373] ehci-pci 0000:02:03.0: irq 17, io mem 0xfd5ef000
[    8.203165] ehci-pci 0000:02:03.0: USB 2.0 started, EHCI 1.00
[    8.203219] usb usb1: New USB device found, idVendor=1d6b, idProduct=0002, bcdDevice= 5.08
[    8.203220] usb usb1: New USB device strings: Mfr=3, Product=2, SerialNumber=1
[    8.203221] usb usb1: Product: EHCI Host Controller
[    8.203221] usb usb1: Manufacturer: Linux 5.8.1anmol.0327 ehci_hcd
[    8.203222] usb usb1: SerialNumber: 0000:02:03.0
[    8.203288] hub 1-0:1.0: USB hub found
[    8.203291] hub 1-0:1.0: 6 ports detected
[    8.203535] ehci-platform: EHCI generic platform driver
[    8.203544] ohci_hcd: USB 1.1 'Open' Host Controller (OHCI) Driver
[    8.203546] ohci-pci: OHCI PCI platform driver
[    8.203556] ohci-platform: OHCI generic platform driver
[    8.203560] uhci_hcd: USB Universal Host Controller Interface driver
[    8.203913] uhci_hcd 0000:02:00.0: UHCI Host Controller
[    8.203917] uhci_hcd 0000:02:00.0: new USB bus registered, assigned bus number 2
[    8.203949] uhci_hcd 0000:02:00.0: detected 2 ports
[    8.204124] uhci_hcd 0000:02:00.0: irq 18, io base 0x00002080
[    8.204206] usb usb2: New USB device found, idVendor=1d6b, idProduct=0001, bcdDevice= 5.08
[    8.204206] usb usb2: New USB device strings: Mfr=3, Product=2, SerialNumber=1
[    8.204207] usb usb2: Product: UHCI Host Controller
[    8.204207] usb usb2: Manufacturer: Linux 5.8.1anmol.0327 uhci_hcd
[    8.204208] usb usb2: SerialNumber: 0000:02:00.0
[    8.204247] hub 2-0:1.0: USB hub found
[    8.204250] hub 2-0:1.0: 2 ports detected
[    8.204373] i8042: PNP: PS/2 Controller [PNP0303:KBC,PNP0f13:MOUS] at 0x60,0x64 irq 1,12
[    8.205583] serio: i8042 KBD port at 0x60,0x64 irq 1
[    8.205586] serio: i8042 AUX port at 0x60,0x64 irq 12
[    8.205647] mousedev: PS/2 mouse device common for all mice
[    8.226757] rtc_cmos 00:01: registered as rtc0
[    8.227188] rtc_cmos 00:01: setting system clock to 2021-02-17T08:07:35 UTC (1613549255)
[    8.227202] rtc_cmos 00:01: alarms up to one month, y3k, 114 bytes nvram, hpet irqs
[    8.227207] i2c /dev entries driver
[    8.227284] device-mapper: uevent: version 1.0.3
[    8.227408] device-mapper: ioctl: 4.42.0-ioctl (2020-02-27) initialised: dm-devel@redhat.com
[    8.227409] input: AT Translated Set 2 keyboard as /devices/platform/i8042/serio0/input/input1
[    8.227437] platform eisa.0: Probing EISA bus 0
[    8.227440] platform eisa.0: EISA: Cannot allocate resource for mainboard
[    8.227441] platform eisa.0: Cannot allocate resource for EISA slot 1
[    8.227442] platform eisa.0: Cannot allocate resource for EISA slot 2
[    8.227442] platform eisa.0: Cannot allocate resource for EISA slot 3
[    8.227442] platform eisa.0: Cannot allocate resource for EISA slot 4
[    8.227474] platform eisa.0: Cannot allocate resource for EISA slot 5
[    8.227493] platform eisa.0: Cannot allocate resource for EISA slot 6
[    8.227493] platform eisa.0: Cannot allocate resource for EISA slot 7
[    8.227494] platform eisa.0: Cannot allocate resource for EISA slot 8
[    8.227494] platform eisa.0: EISA: Detected 0 cards
[    8.227496] intel_pstate: CPU model not supported
[    8.228132] ledtrig-cpu: registered to indicate activity on CPUs
[    8.228350] intel_pmc_core intel_pmc_core.0:  initialized
[    8.228449] drop_monitor: Initializing network drop monitor service
[    8.228564] NET: Registered protocol family 10
[    8.236666] Segment Routing with IPv6
[    8.236681] NET: Registered protocol family 17
[    8.236946] Key type dns_resolver registered
[    8.237597] IPI shorthand broadcast: enabled
[    8.237601] sched_clock: Marking stable (8215124307, 22398246)->(9188783608, -951261055)
[    8.237897] registered taskstats version 1
[    8.237905] Loading compiled-in X.509 certificates
[    8.238879] Loaded X.509 cert 'Build time autogenerated kernel key: e12e6e7ec079565a0e31a10f3ab9356271ab267f'
[    8.238904] zswap: loaded using pool lzo/zbud
[    8.239788] Key type ._fscrypt registered
[    8.239788] Key type .fscrypt registered
[    8.239789] Key type fscrypt-provisioning registered
[    8.243095] Key type encrypted registered
[    8.243096] AppArmor: AppArmor sha1 policy hashing enabled
[    8.243100] ima: No TPM chip found, activating TPM-bypass!
[    8.243102] ima: Allocated hash algorithm: sha1
[    8.243106] ima: No architecture policies found
[    8.243111] evm: Initialising EVM extended attributes:
[    8.243112] evm: security.selinux
[    8.243112] evm: security.SMACK64
[    8.243112] evm: security.SMACK64EXEC
[    8.243112] evm: security.SMACK64TRANSMUTE
[    8.243112] evm: security.SMACK64MMAP
[    8.243113] evm: security.apparmor
[    8.243113] evm: security.ima
[    8.243113] evm: security.capability
[    8.243113] evm: HMAC attrs: 0x1
[    8.244462] PM:   Magic number: 9:164:119
[    8.244996] RAS: Correctable Errors collector initialized.
[    8.381145] Freeing unused decrypted memory: 2040K
[    8.381580] Freeing unused kernel image (initmem) memory: 2632K
[    8.381584] Write protecting the kernel read-only data: 22528k
[    8.382490] Freeing unused kernel image (text/rodata gap) memory: 2044K
[    8.382905] Freeing unused kernel image (rodata/data gap) memory: 820K
[    8.416590] x86/mm: Checked W+X mappings: passed, no W+X pages found.
[    8.416595] Run /init as init process
[    8.416596]   with arguments:
[    8.416596]     /init
[    8.416596]     auto
[    8.416597]     noprompt
[    8.416597]   with environment:
[    8.416597]     HOME=/
[    8.416597]     TERM=linux
[    8.416598]     BOOT_IMAGE=/boot/vmlinuz-5.8.1anmol.0327
[    8.416598]     find_preseed=/preseed.cfg
[    8.416598]     priority=critical
[    8.416598]     locale=en_US
[    8.540524] usb 2-1: new full-speed USB device number 2 using uhci_hcd
[    8.586185] piix4_smbus 0000:00:07.3: SMBus Host Controller not enabled!
[    8.617113] ahci 0000:02:05.0: version 3.0
[    8.617158] input: VirtualPS/2 VMware VMMouse as /devices/platform/i8042/serio1/input/input4
[    8.617837] input: VirtualPS/2 VMware VMMouse as /devices/platform/i8042/serio1/input/input3
[    8.618015] Fusion MPT base driver 3.04.20
[    8.618015] Copyright (c) 1999-2008 LSI Corporation
[    8.618838] e1000: Intel(R) PRO/1000 Network Driver - version 7.3.21-k8-NAPI
[    8.618838] e1000: Copyright (c) 1999-2006 Intel Corporation.
[    8.619335] ahci 0000:02:05.0: AHCI 0001.0300 32 slots 30 ports 6 Gbps 0x3fffffff impl SATA mode
[    8.619336] ahci 0000:02:05.0: flags: 64bit ncq clo only 
[    8.631019] scsi host2: ahci
[    8.631514] scsi host3: ahci
[    8.631846] scsi host4: ahci
[    8.632279] scsi host5: ahci
[    8.632672] scsi host6: ahci
[    8.632846] Fusion MPT SPI Host driver 3.04.20
[    8.635902] scsi host7: ahci
[    8.636204] scsi host8: ahci
[    8.636845] mptbase: ioc0: Initiating bringup
[    8.637010] scsi host9: ahci
[    8.637287] scsi host10: ahci
[    8.637560] scsi host11: ahci
[    8.637838] scsi host12: ahci
[    8.638111] scsi host13: ahci
[    8.638392] scsi host14: ahci
[    8.638707] scsi host15: ahci
[    8.638989] scsi host16: ahci
[    8.639265] scsi host17: ahci
[    8.639595] scsi host18: ahci
[    8.639886] scsi host19: ahci
[    8.640135] scsi host20: ahci
[    8.640388] scsi host21: ahci
[    8.640641] scsi host22: ahci
[    8.640892] scsi host23: ahci
[    8.641142] scsi host24: ahci
[    8.641393] scsi host25: ahci
[    8.641647] scsi host26: ahci
[    8.641908] scsi host27: ahci
[    8.642156] scsi host28: ahci
[    8.642603] scsi host29: ahci
[    8.642961] scsi host30: ahci
[    8.643307] scsi host31: ahci
[    8.643389] ata3: SATA max UDMA/133 abar m4096@0xfd5ee000 port 0xfd5ee100 irq 56
[    8.643390] ata4: SATA max UDMA/133 abar m4096@0xfd5ee000 port 0xfd5ee180 irq 56
[    8.643391] ata5: SATA max UDMA/133 abar m4096@0xfd5ee000 port 0xfd5ee200 irq 56
[    8.643392] ata6: SATA max UDMA/133 abar m4096@0xfd5ee000 port 0xfd5ee280 irq 56
[    8.643392] ata7: SATA max UDMA/133 abar m4096@0xfd5ee000 port 0xfd5ee300 irq 56
[    8.643393] ata8: SATA max UDMA/133 abar m4096@0xfd5ee000 port 0xfd5ee380 irq 56
[    8.643394] ata9: SATA max UDMA/133 abar m4096@0xfd5ee000 port 0xfd5ee400 irq 56
[    8.643395] ata10: SATA max UDMA/133 abar m4096@0xfd5ee000 port 0xfd5ee480 irq 56
[    8.643395] ata11: SATA max UDMA/133 abar m4096@0xfd5ee000 port 0xfd5ee500 irq 56
[    8.643396] ata12: SATA max UDMA/133 abar m4096@0xfd5ee000 port 0xfd5ee580 irq 56
[    8.643396] ata13: SATA max UDMA/133 abar m4096@0xfd5ee000 port 0xfd5ee600 irq 56
[    8.643397] ata14: SATA max UDMA/133 abar m4096@0xfd5ee000 port 0xfd5ee680 irq 56
[    8.643398] ata15: SATA max UDMA/133 abar m4096@0xfd5ee000 port 0xfd5ee700 irq 56
[    8.643398] ata16: SATA max UDMA/133 abar m4096@0xfd5ee000 port 0xfd5ee780 irq 56
[    8.643399] ata17: SATA max UDMA/133 abar m4096@0xfd5ee000 port 0xfd5ee800 irq 56
[    8.643399] ata18: SATA max UDMA/133 abar m4096@0xfd5ee000 port 0xfd5ee880 irq 56
[    8.643400] ata19: SATA max UDMA/133 abar m4096@0xfd5ee000 port 0xfd5ee900 irq 56
[    8.643401] ata20: SATA max UDMA/133 abar m4096@0xfd5ee000 port 0xfd5ee980 irq 56
[    8.643402] ata21: SATA max UDMA/133 abar m4096@0xfd5ee000 port 0xfd5eea00 irq 56
[    8.643402] ata22: SATA max UDMA/133 abar m4096@0xfd5ee000 port 0xfd5eea80 irq 56
[    8.643403] ata23: SATA max UDMA/133 abar m4096@0xfd5ee000 port 0xfd5eeb00 irq 56
[    8.643404] ata24: SATA max UDMA/133 abar m4096@0xfd5ee000 port 0xfd5eeb80 irq 56
[    8.643404] ata25: SATA max UDMA/133 abar m4096@0xfd5ee000 port 0xfd5eec00 irq 56
[    8.643405] ata26: SATA max UDMA/133 abar m4096@0xfd5ee000 port 0xfd5eec80 irq 56
[    8.643405] ata27: SATA max UDMA/133 abar m4096@0xfd5ee000 port 0xfd5eed00 irq 56
[    8.643406] ata28: SATA max UDMA/133 abar m4096@0xfd5ee000 port 0xfd5eed80 irq 56
